# get https://proxy.golang.org/github.com/inconshreveable/mousetrap/@v/v1.1.0.mod
# get https://proxy.golang.org/github.com/%21alec%21aivazis/survey/v2/@v/v2.3.7.mod
# get https://proxy.golang.org/github.com/mattn/go-isatty/@v/v0.0.20.mod
# get https://proxy.golang.org/github.com/samber/lo/@v/v1.52.0.mod
# get https://proxy.golang.org/github.com/mgutz/ansi/@v/v0.0.0-20170206155736-9520e82c474b.mod
# get https://proxy.golang.org/github.com/fatih/color/@v/v1.18.0.mod
# get https://proxy.golang.org/github.com/kballard/go-shellquote/@v/v0.0.0-20180428030007-95032a82bc51.mod
# get https://proxy.golang.org/github.com/mattn/go-colorable/@v/v0.1.13.mod
# get https://proxy.golang.org/github.com/inconshreveable/mousetrap/@v/v1.1.0.mod: 200 OK (0.476s)
# get https://proxy.golang.org/github.com/mattn/go-isatty/@v/v0.0.20.mod: 200 OK (0.476s)
# get https://proxy.golang.org/github.com/samber/lo/@v/v1.52.0.mod: 200 OK (0.476s)
# get https://proxy.golang.org/github.com/mattn/go-colorable/@v/v0.1.13.mod: 200 OK (0.476s)
# get https://proxy.golang.org/github.com/mgutz/ansi/@v/v0.0.0-20170206155736-9520e82c474b.mod: 200 OK (0.476s)
# get https://proxy.golang.org/github.com/kballard/go-shellquote/@v/v0.0.0-20180428030007-95032a82bc51.mod: 200 OK (0.476s)
# get https://proxy.golang.org/github.com/%21alec%21aivazis/survey/v2/@v/v2.3.7.mod: 200 OK (0.476s)
# get https://proxy.golang.org/github.com/fatih/color/@v/v1.18.0.mod: 200 OK (0.476s)
# get https://proxy.golang.org/github.com/spf13/cobra/@v/v1.10.1.mod
# get https://proxy.golang.org/github.com/spf13/pflag/@v/v1.0.9.mod
# get https://proxy.golang.org/golang.org/x/mod/@v/v0.17.0.mod
# get https://proxy.golang.org/golang.org/x/sys/@v/v0.25.0.mod
# get https://proxy.golang.org/golang.org/x/text/@v/v0.22.0.mod
# get https://proxy.golang.org/golang.org/x/term/@v/v0.0.0-20210927222741-03fcf44c2211.mod
# get https://proxy.golang.org/github.com/mattn/go-isatty/@v/v0.0.16.mod
# get https://proxy.golang.org/github.com/%21netflix/go-expect/@v/v0.0.0-20220104043353-73e0943537d2.mod
# get https://proxy.golang.org/github.com/spf13/pflag/@v/v1.0.9.mod: 200 OK (0.147s)
# get https://proxy.golang.org/golang.org/x/mod/@v/v0.17.0.mod: 200 OK (0.148s)
# get https://proxy.golang.org/github.com/%21netflix/go-expect/@v/v0.0.0-20220104043353-73e0943537d2.mod: 200 OK (0.146s)
# get https://proxy.golang.org/golang.org/x/text/@v/v0.22.0.mod: 200 OK (0.147s)
# get https://proxy.golang.org/github.com/mattn/go-isatty/@v/v0.0.16.mod: 200 OK (0.147s)
# get https://proxy.golang.org/github.com/spf13/cobra/@v/v1.10.1.mod: 200 OK (0.149s)
# get https://proxy.golang.org/golang.org/x/sys/@v/v0.25.0.mod: 200 OK (0.148s)
# get https://proxy.golang.org/github.com/davecgh/go-spew/@v/v1.1.1.mod
# get https://proxy.golang.org/golang.org/x/term/@v/v0.0.0-20210927222741-03fcf44c2211.mod: 200 OK (0.149s)
# get https://proxy.golang.org/github.com/creack/pty/@v/v1.1.17.mod
# get https://proxy.golang.org/github.com/hinshun/vt10x/@v/v0.0.0-20220119200601-820417d04eec.mod
# get https://proxy.golang.org/github.com/mattn/go-colorable/@v/v0.1.2.mod
# get https://proxy.golang.org/github.com/mattn/go-isatty/@v/v0.0.8.mod
# get https://proxy.golang.org/github.com/stretchr/testify/@v/v1.6.1.mod
# get https://proxy.golang.org/golang.org/x/text/@v/v0.4.0.mod
# get https://proxy.golang.org/golang.org/x/sys/@v/v0.6.0.mod
# get https://proxy.golang.org/github.com/stretchr/testify/@v/v1.6.1.mod: 200 OK (0.083s)
# get https://proxy.golang.org/github.com/mattn/go-isatty/@v/v0.0.8.mod: 200 OK (0.084s)
# get https://proxy.golang.org/github.com/mattn/go-colorable/@v/v0.1.2.mod: 200 OK (0.085s)
# get https://proxy.golang.org/golang.org/x/sys/@v/v0.0.0-20220811171246-fbc7d0a398ab.mod
# get https://proxy.golang.org/github.com/cpuguy83/go-md2man/v2/@v/v2.0.6.mod
# get https://proxy.golang.org/github.com/creack/pty/@v/v1.1.17.mod: 200 OK (0.120s)
# get https://proxy.golang.org/github.com/davecgh/go-spew/@v/v1.1.1.mod: 200 OK (0.120s)
# get https://proxy.golang.org/gopkg.in/yaml.v3/@v/v3.0.1.mod
# get https://proxy.golang.org/github.com/davecgh/go-spew/@v/v1.1.0.mod
# get https://proxy.golang.org/golang.org/x/sys/@v/v0.0.0-20210615035016-665e8c7367d1.mod
# get https://proxy.golang.org/github.com/hinshun/vt10x/@v/v0.0.0-20220119200601-820417d04eec.mod: 200 OK (0.146s)
# get https://proxy.golang.org/golang.org/x/text/@v/v0.4.0.mod: 200 OK (0.145s)
# get https://proxy.golang.org/golang.org/x/sys/@v/v0.6.0.mod: 200 OK (0.144s)
# get https://proxy.golang.org/github.com/pmezard/go-difflib/@v/v1.0.0.mod
# get https://proxy.golang.org/github.com/stretchr/objx/@v/v0.1.0.mod
# get https://proxy.golang.org/gopkg.in/yaml.v3/@v/v3.0.0-20200313102051-9f266ea9e77c.mod
# get https://proxy.golang.org/golang.org/x/sys/@v/v0.0.0-20220811171246-fbc7d0a398ab.mod: 200 OK (0.071s)
# get https://proxy.golang.org/golang.org/x/sys/@v/v0.0.0-20190222072716-a9d3bda3a223.mod
# get https://proxy.golang.org/github.com/cpuguy83/go-md2man/v2/@v/v2.0.6.mod: 200 OK (0.144s)
# get https://proxy.golang.org/golang.org/x/sys/@v/v0.0.0-20210615035016-665e8c7367d1.mod: 200 OK (0.110s)
# get https://proxy.golang.org/github.com/davecgh/go-spew/@v/v1.1.0.mod: 200 OK (0.110s)
# get https://proxy.golang.org/gopkg.in/yaml.v3/@v/v3.0.1.mod: 200 OK (0.110s)
# get https://proxy.golang.org/github.com/stretchr/objx/@v/v0.1.0.mod: 200 OK (0.084s)
# get https://proxy.golang.org/github.com/pmezard/go-difflib/@v/v1.0.0.mod: 200 OK (0.085s)
# get https://proxy.golang.org/golang.org/x/tools/@v/v0.1.12.mod
# get https://proxy.golang.org/gopkg.in/yaml.v3/@v/v3.0.0-20200313102051-9f266ea9e77c.mod: 200 OK (0.085s)
# get https://proxy.golang.org/golang.org/x/mod/@v/v0.6.0-dev.0.20220419223038-86c51ed26bb4.mod
# get https://proxy.golang.org/golang.org/x/sys/@v/v0.0.0-20190222072716-a9d3bda3a223.mod: 200 OK (0.074s)
# get https://proxy.golang.org/golang.org/x/sys/@v/v0.0.0-20220722155257-8c9f86f7a55f.mod
# get https://proxy.golang.org/github.com/russross/blackfriday/v2/@v/v2.1.0.mod
# get https://proxy.golang.org/gopkg.in/check.v1/@v/v0.0.0-20161208181325-20d25e280405.mod
# get https://proxy.golang.org/gopkg.in/check.v1/@v/v0.0.0-20161208181325-20d25e280405.mod: 200 OK (0.087s)
# get https://proxy.golang.org/golang.org/x/mod/@v/v0.6.0-dev.0.20220419223038-86c51ed26bb4.mod: 200 OK (0.090s)
# get https://proxy.golang.org/github.com/russross/blackfriday/v2/@v/v2.1.0.mod: 200 OK (0.089s)
# get https://proxy.golang.org/golang.org/x/tools/@v/v0.1.12.mod: 200 OK (0.090s)
# get https://proxy.golang.org/golang.org/x/tools/@v/v0.0.0-20191119224855-298f0cb1881e.mod
# get https://proxy.golang.org/golang.org/x/sync/@v/v0.0.0-20220722155255-886fb9371eb4.mod
# get https://proxy.golang.org/github.com/yuin/goldmark/@v/v1.4.13.mod
# get https://proxy.golang.org/golang.org/x/crypto/@v/v0.0.0-20210921155107-089bfa567519.mod
# get https://proxy.golang.org/golang.org/x/net/@v/v0.0.0-20220722155237-a158d28d115b.mod
# get https://proxy.golang.org/golang.org/x/text/@v/v0.3.7.mod
# get https://proxy.golang.org/golang.org/x/sys/@v/v0.0.0-20220722155257-8c9f86f7a55f.mod: 200 OK (0.147s)
# get https://proxy.golang.org/golang.org/x/sync/@v/v0.0.0-20220722155255-886fb9371eb4.mod: 200 OK (0.073s)
# get https://proxy.golang.org/golang.org/x/tools/@v/v0.0.0-20191119224855-298f0cb1881e.mod: 200 OK (0.074s)
# get https://proxy.golang.org/github.com/yuin/goldmark/@v/v1.4.13.mod: 200 OK (0.074s)
# get https://proxy.golang.org/golang.org/x/xerrors/@v/v0.0.0-20190717185122-a985d3407aa7.mod
# get https://proxy.golang.org/golang.org/x/sync/@v/v0.0.0-20190423024810-112230192c58.mod
# get https://proxy.golang.org/golang.org/x/net/@v/v0.0.0-20190620200207-3b0461eec859.mod
# get https://proxy.golang.org/golang.org/x/crypto/@v/v0.0.0-20210921155107-089bfa567519.mod: 200 OK (0.078s)
# get https://proxy.golang.org/golang.org/x/text/@v/v0.3.7.mod: 200 OK (0.078s)
# get https://proxy.golang.org/golang.org/x/net/@v/v0.0.0-20220722155237-a158d28d115b.mod: 200 OK (0.078s)
# get https://proxy.golang.org/golang.org/x/text/@v/v0.3.3.mod
# get https://proxy.golang.org/golang.org/x/net/@v/v0.0.0-20210226172049-e18ecbb05110.mod
# get https://proxy.golang.org/golang.org/x/tools/@v/v0.0.0-20180917221912-90fa682c2a6e.mod
# get https://proxy.golang.org/golang.org/x/sys/@v/v0.0.0-20220520151302-bc2c85ada10a.mod
# get https://proxy.golang.org/golang.org/x/term/@v/v0.0.0-20201126162022-7de9c90e9dd1.mod
# get https://proxy.golang.org/golang.org/x/text/@v/v0.3.3.mod: 200 OK (0.077s)
# get https://proxy.golang.org/golang.org/x/net/@v/v0.0.0-20190620200207-3b0461eec859.mod: 200 OK (0.082s)
# get https://proxy.golang.org/golang.org/x/sys/@v/v0.0.0-20190215142949-d0b11bdaac8a.mod
# get https://proxy.golang.org/golang.org/x/crypto/@v/v0.0.0-20190308221718-c2843e01d9a2.mod
# get https://proxy.golang.org/golang.org/x/sync/@v/v0.0.0-20190423024810-112230192c58.mod: 200 OK (0.107s)
# get https://proxy.golang.org/golang.org/x/xerrors/@v/v0.0.0-20190717185122-a985d3407aa7.mod: 200 OK (0.108s)
# get https://proxy.golang.org/golang.org/x/tools/@v/v0.0.0-20180917221912-90fa682c2a6e.mod: 200 OK (0.103s)
# get https://proxy.golang.org/golang.org/x/sys/@v/v0.0.0-20220520151302-bc2c85ada10a.mod: 200 OK (0.105s)
# get https://proxy.golang.org/golang.org/x/term/@v/v0.0.0-20201126162022-7de9c90e9dd1.mod: 200 OK (0.105s)
# get https://proxy.golang.org/golang.org/x/net/@v/v0.0.0-20210226172049-e18ecbb05110.mod: 200 OK (0.105s)
# get https://proxy.golang.org/golang.org/x/text/@v/v0.3.0.mod
# get https://proxy.golang.org/golang.org/x/sys/@v/v0.0.0-20201119102817-f84b799fce68.mod
# get https://proxy.golang.org/golang.org/x/crypto/@v/v0.0.0-20190308221718-c2843e01d9a2.mod: 200 OK (0.071s)
# get https://proxy.golang.org/golang.org/x/sys/@v/v0.0.0-20190215142949-d0b11bdaac8a.mod: 200 OK (0.071s)
# get https://proxy.golang.org/golang.org/x/text/@v/v0.3.0.mod: 200 OK (0.072s)
# get https://proxy.golang.org/golang.org/x/sys/@v/v0.0.0-20201119102817-f84b799fce68.mod: 200 OK (0.072s)
# get https://proxy.golang.org/github.com/%21alec%21aivazis/survey/v2/@v/v2.3.7.info
# get https://proxy.golang.org/github.com/%21alec%21aivazis/survey/v2/@v/v2.3.7.info: 200 OK (0.304s)
# get https://proxy.golang.org/github.com/fatih/color/@v/v1.18.0.info
# get https://proxy.golang.org/github.com/fatih/color/@v/v1.18.0.info: 200 OK (0.073s)
# get https://proxy.golang.org/github.com/samber/lo/@v/v1.52.0.info
# get https://proxy.golang.org/github.com/samber/lo/@v/v1.52.0.info: 200 OK (0.080s)
# get https://proxy.golang.org/github.com/spf13/cobra/@v/v1.10.1.info
# get https://proxy.golang.org/github.com/spf13/cobra/@v/v1.10.1.info: 200 OK (0.153s)
# get https://proxy.golang.org/golang.org/x/mod/@v/v0.17.0.info
# get https://proxy.golang.org/golang.org/x/mod/@v/v0.17.0.info: 200 OK (0.072s)
# get https://proxy.golang.org/github.com/inconshreveable/mousetrap/@v/v1.1.0.info
# get https://proxy.golang.org/github.com/inconshreveable/mousetrap/@v/v1.1.0.info: 200 OK (0.069s)
# get https://proxy.golang.org/github.com/kballard/go-shellquote/@v/v0.0.0-20180428030007-95032a82bc51.info
# get https://proxy.golang.org/github.com/kballard/go-shellquote/@v/v0.0.0-20180428030007-95032a82bc51.info: 200 OK (0.077s)
# get https://proxy.golang.org/github.com/mattn/go-colorable/@v/v0.1.13.info
# get https://proxy.golang.org/github.com/mattn/go-colorable/@v/v0.1.13.info: 200 OK (0.069s)
# get https://proxy.golang.org/github.com/mattn/go-isatty/@v/v0.0.20.info
# get https://proxy.golang.org/github.com/mattn/go-isatty/@v/v0.0.20.info: 200 OK (0.074s)
# get https://proxy.golang.org/github.com/mgutz/ansi/@v/v0.0.0-20170206155736-9520e82c474b.info
# get https://proxy.golang.org/github.com/mgutz/ansi/@v/v0.0.0-20170206155736-9520e82c474b.info: 200 OK (0.084s)
# get https://proxy.golang.org/github.com/spf13/pflag/@v/v1.0.9.info
# get https://proxy.golang.org/github.com/spf13/pflag/@v/v1.0.9.info: 200 OK (0.070s)
# get https://proxy.golang.org/golang.org/x/sys/@v/v0.25.0.info
# get https://proxy.golang.org/golang.org/x/sys/@v/v0.25.0.info: 200 OK (0.075s)
# get https://proxy.golang.org/golang.org/x/term/@v/v0.0.0-20210927222741-03fcf44c2211.info
# get https://proxy.golang.org/golang.org/x/term/@v/v0.0.0-20210927222741-03fcf44c2211.info: 200 OK (0.075s)
# get https://proxy.golang.org/golang.org/x/text/@v/v0.22.0.info
# get https://proxy.golang.org/golang.org/x/text/@v/v0.22.0.info: 200 OK (0.076s)
# get https://proxy.golang.org/github.com/inconshreveable/mousetrap/@v/v1.1.0.zip
# get https://proxy.golang.org/github.com/samber/lo/@v/v1.52.0.zip
# get https://proxy.golang.org/golang.org/x/mod/@v/v0.17.0.zip
# get https://proxy.golang.org/github.com/fatih/color/@v/v1.18.0.zip
# get https://proxy.golang.org/github.com/spf13/cobra/@v/v1.10.1.zip
# get https://proxy.golang.org/github.com/mattn/go-colorable/@v/v0.1.13.zip
# get https://proxy.golang.org/github.com/kballard/go-shellquote/@v/v0.0.0-20180428030007-95032a82bc51.zip
# get https://proxy.golang.org/github.com/%21alec%21aivazis/survey/v2/@v/v2.3.7.zip
# get https://proxy.golang.org/github.com/inconshreveable/mousetrap/@v/v1.1.0.zip: 200 OK (0.110s)
# get https://proxy.golang.org/golang.org/x/mod/@v/v0.17.0.zip: 200 OK (0.110s)
# get https://proxy.golang.org/github.com/mattn/go-isatty/@v/v0.0.20.zip
# get https://proxy.golang.org/github.com/%21alec%21aivazis/survey/v2/@v/v2.3.7.zip: 200 OK (0.296s)
# get https://proxy.golang.org/github.com/kballard/go-shellquote/@v/v0.0.0-20180428030007-95032a82bc51.zip: 200 OK (0.366s)
# get https://proxy.golang.org/github.com/spf13/cobra/@v/v1.10.1.zip: 200 OK (0.366s)
# get https://proxy.golang.org/github.com/mgutz/ansi/@v/v0.0.0-20170206155736-9520e82c474b.zip
# get https://proxy.golang.org/github.com/samber/lo/@v/v1.52.0.zip: 200 OK (0.418s)
# get https://proxy.golang.org/github.com/fatih/color/@v/v1.18.0.zip: 200 OK (0.540s)
# get https://proxy.golang.org/github.com/mattn/go-colorable/@v/v0.1.13.zip: 200 OK (0.569s)
# get https://proxy.golang.org/github.com/spf13/pflag/@v/v1.0.9.zip
# get https://proxy.golang.org/golang.org/x/sys/@v/v0.25.0.zip
# get https://proxy.golang.org/golang.org/x/term/@v/v0.0.0-20210927222741-03fcf44c2211.zip
# get https://proxy.golang.org/golang.org/x/text/@v/v0.22.0.zip
# get https://proxy.golang.org/github.com/mattn/go-isatty/@v/v0.0.20.zip: 200 OK (1.476s)
# get https://proxy.golang.org/github.com/spf13/pflag/@v/v1.0.9.zip: 200 OK (1.021s)
# get https://proxy.golang.org/github.com/mgutz/ansi/@v/v0.0.0-20170206155736-9520e82c474b.zip: 200 OK (1.229s)
# get https://proxy.golang.org/golang.org/x/sys/@v/v0.25.0.zip: 200 OK (1.174s)
# get https://proxy.golang.org/golang.org/x/term/@v/v0.0.0-20210927222741-03fcf44c2211.zip: 200 OK (2.785s)
# get https://proxy.golang.org/golang.org/x/text/@v/v0.22.0.zip: 200 OK (2.638s)
# get https://proxy.golang.org/github.com/mohae/deepcopy/@v/v0.0.0-20170929034955-c48cc78d4826.mod
# get https://proxy.golang.org/gopkg.in/yaml.v2/@v/v2.4.0.mod
# get https://proxy.golang.org/github.com/spf13/cobra/@v/v1.10.2.mod
# get https://proxy.golang.org/github.com/360%21ent%21sec%21group-%21skylar/excelize/@v/v1.4.1.mod
# get https://proxy.golang.org/github.com/spf13/cobra/@v/v1.10.2.mod: 200 OK (0.634s)
# get https://proxy.golang.org/github.com/mohae/deepcopy/@v/v0.0.0-20170929034955-c48cc78d4826.mod: 200 OK (0.634s)
# get https://proxy.golang.org/go.yaml.in/yaml/v3/@v/v3.0.4.mod
# get https://proxy.golang.org/gopkg.in/yaml.v2/@v/v2.4.0.mod: 200 OK (0.636s)
# get https://proxy.golang.org/go.yaml.in/yaml/v3/@v/v3.0.4.mod: 200 OK (0.095s)
# get https://proxy.golang.org/github.com/360%21ent%21sec%21group-%21skylar/excelize/@v/v1.4.1.mod: 200 OK (0.731s)
# get https://proxy.golang.org/github.com/stretchr/testify/@v/v1.2.3-0.20181224173747-660f15d67dbb.mod
# get https://proxy.golang.org/github.com/stretchr/testify/@v/v1.2.3-0.20181224173747-660f15d67dbb.mod: 200 OK (0.092s)
# get https://proxy.golang.org/github.com/360%21ent%21sec%21group-%21skylar/excelize/@v/v1.4.1.info
# get https://proxy.golang.org/github.com/360%21ent%21sec%21group-%21skylar/excelize/@v/v1.4.1.info: 200 OK (0.333s)
# get https://proxy.golang.org/github.com/spf13/cobra/@v/v1.10.2.info
# get https://proxy.golang.org/github.com/spf13/cobra/@v/v1.10.2.info: 200 OK (0.064s)
# get https://proxy.golang.org/gopkg.in/yaml.v2/@v/v2.4.0.info
# get https://proxy.golang.org/gopkg.in/yaml.v2/@v/v2.4.0.info: 200 OK (0.077s)
# get https://proxy.golang.org/github.com/mohae/deepcopy/@v/v0.0.0-20170929034955-c48cc78d4826.info
# get https://proxy.golang.org/github.com/mohae/deepcopy/@v/v0.0.0-20170929034955-c48cc78d4826.info: 200 OK (0.086s)
# get https://proxy.golang.org/gopkg.in/yaml.v2/@v/v2.4.0.zip
# get https://proxy.golang.org/github.com/360%21ent%21sec%21group-%21skylar/excelize/@v/v1.4.1.zip
# get https://proxy.golang.org/github.com/spf13/cobra/@v/v1.10.2.zip
# get https://proxy.golang.org/github.com/mohae/deepcopy/@v/v0.0.0-20170929034955-c48cc78d4826.zip
# get https://proxy.golang.org/gopkg.in/yaml.v2/@v/v2.4.0.zip: 200 OK (0.068s)
# get https://proxy.golang.org/github.com/spf13/cobra/@v/v1.10.2.zip: 200 OK (0.461s)
# get https://proxy.golang.org/github.com/mohae/deepcopy/@v/v0.0.0-20170929034955-c48cc78d4826.zip: 200 OK (0.529s)
# get https://proxy.golang.org/github.com/360%21ent%21sec%21group-%21skylar/excelize/@v/v1.4.1.zip: 200 OK (1.320s)
# get https://proxy.golang.org/google.golang.org/genproto/googleapis/api/@v/v0.0.0-20251222181119-0a764e51fe1b.mod
# get https://proxy.golang.org/google.golang.org/protobuf/@v/v1.36.11.mod
# get https://proxy.golang.org/github.com/davecgh/go-spew/@v/v1.1.2-0.20180830191138-d8f796af33cc.mod
# get https://proxy.golang.org/github.com/aif-go/ag-core/@v/v0.0.1-alpha.3.mod
# get https://proxy.golang.org/github.com/cloudwego/kitex/@v/v0.15.2.mod
# get https://proxy.golang.org/github.com/davecgh/go-spew/@v/v1.1.2-0.20180830191138-d8f796af33cc.mod: 200 OK (0.347s)
# get https://proxy.golang.org/google.golang.org/protobuf/@v/v1.36.11.mod: 200 OK (0.379s)
# get https://proxy.golang.org/github.com/cloudwego/kitex/@v/v0.15.2.mod: 200 OK (0.415s)
# get https://proxy.golang.org/github.com/aif-go/ag-core/@v/v0.0.1-alpha.3.mod: 200 OK (0.416s)
# get https://proxy.golang.org/google.golang.org/genproto/googleapis/api/@v/v0.0.0-20251222181119-0a764e51fe1b.mod: 200 OK (0.669s)
# get https://proxy.golang.org/google.golang.org/protobuf/@v/v1.36.11.info
# get https://proxy.golang.org/google.golang.org/protobuf/@v/v1.36.11.info: 200 OK (0.101s)
# get https://proxy.golang.org/github.com/aif-go/ag-core/@v/v0.0.1-alpha.3.info
# get https://proxy.golang.org/github.com/aif-go/ag-core/@v/v0.0.1-alpha.3.info: 200 OK (0.083s)
# get https://proxy.golang.org/github.com/cloudwego/kitex/@v/v0.15.2.info
# get https://proxy.golang.org/github.com/cloudwego/kitex/@v/v0.15.2.info: 200 OK (0.089s)
# get https://proxy.golang.org/github.com/davecgh/go-spew/@v/v1.1.2-0.20180830191138-d8f796af33cc.info
# get https://proxy.golang.org/github.com/davecgh/go-spew/@v/v1.1.2-0.20180830191138-d8f796af33cc.info: 200 OK (0.070s)
# get https://proxy.golang.org/google.golang.org/genproto/googleapis/api/@v/v0.0.0-20251222181119-0a764e51fe1b.info
# get https://proxy.golang.org/google.golang.org/genproto/googleapis/api/@v/v0.0.0-20251222181119-0a764e51fe1b.info: 200 OK (0.079s)
# get https://proxy.golang.org/google.golang.org/genproto/googleapis/api/@v/v0.0.0-20251222181119-0a764e51fe1b.zip
# get https://proxy.golang.org/github.com/aif-go/ag-core/@v/v0.0.1-alpha.3.zip
# get https://proxy.golang.org/github.com/cloudwego/kitex/@v/v0.15.2.zip
# get https://proxy.golang.org/google.golang.org/protobuf/@v/v1.36.11.zip
# get https://proxy.golang.org/github.com/davecgh/go-spew/@v/v1.1.2-0.20180830191138-d8f796af33cc.zip
# get https://proxy.golang.org/github.com/davecgh/go-spew/@v/v1.1.2-0.20180830191138-d8f796af33cc.zip: 200 OK (0.077s)
# get https://proxy.golang.org/google.golang.org/genproto/googleapis/api/@v/v0.0.0-20251222181119-0a764e51fe1b.zip: 200 OK (0.168s)
# get https://proxy.golang.org/google.golang.org/protobuf/@v/v1.36.11.zip: 200 OK (0.192s)
# get https://proxy.golang.org/github.com/cloudwego/kitex/@v/v0.15.2.zip: 200 OK (2.393s)
# get https://proxy.golang.org/github.com/aif-go/ag-core/@v/v0.0.1-alpha.3.zip: 200 OK (2.425s)
