Starting Redis Server
1:C 14 Jul 2026 06:36:31.825 # WARNING Memory overcommit must be enabled! Without it, a background save or replication may fail under low memory condition. Being disabled, it can also cause failures without low memory condition, see https://github.com/jemalloc/jemalloc/issues/1328. To fix this issue add 'vm.overcommit_memory = 1' to /etc/sysctl.conf and then reboot or run the command 'sysctl vm.overcommit_memory=1' for this to take effect.
1:C 14 Jul 2026 06:36:31.826 * oO0OoO0OoO0Oo Redis is starting oO0OoO0OoO0Oo
1:C 14 Jul 2026 06:36:31.826 * Redis version=8.6.1, bits=64, commit=00000000, modified=1, pid=1, just started
1:C 14 Jul 2026 06:36:31.826 * Configuration loaded
1:M 14 Jul 2026 06:36:31.826 * monotonic clock: ARM CNTVCT @ 24 ticks/us
1:M 14 Jul 2026 06:36:31.826 * Running mode=standalone, port=6379.
1:M 14 Jul 2026 06:36:31.826 * <bf> RedisBloom version 8.6.0 (Git=unknown)
1:M 14 Jul 2026 06:36:31.826 * <bf> Registering configuration options: [
1:M 14 Jul 2026 06:36:31.826 * <bf> 	{ bf-error-rate       :      0.01 }
1:M 14 Jul 2026 06:36:31.826 * <bf> 	{ bf-initial-size     :       100 }
1:M 14 Jul 2026 06:36:31.826 * <bf> 	{ bf-expansion-factor :         2 }
1:M 14 Jul 2026 06:36:31.826 * <bf> 	{ cf-bucket-size      :         2 }
1:M 14 Jul 2026 06:36:31.826 * <bf> 	{ cf-initial-size     :      1024 }
1:M 14 Jul 2026 06:36:31.826 * <bf> 	{ cf-max-iterations   :        20 }
1:M 14 Jul 2026 06:36:31.826 * <bf> 	{ cf-expansion-factor :         1 }
1:M 14 Jul 2026 06:36:31.826 * <bf> 	{ cf-max-expansions   :        32 }
1:M 14 Jul 2026 06:36:31.826 * <bf> ]
1:M 14 Jul 2026 06:36:31.826 * Module 'bf' loaded from /usr/local/lib/redis/modules//redisbloom.so
1:M 14 Jul 2026 06:36:31.827 * <search> Redis version found by RedisSearch : 8.6.1 - oss
1:M 14 Jul 2026 06:36:31.827 * <search> RediSearch version 8.6.0 (Git=7782b97)
1:M 14 Jul 2026 06:36:31.828 * <search> Low level api version 1 initialized successfully
1:M 14 Jul 2026 06:36:31.828 * <search> gc: ON, prefix min length: 2, min word length to stem: 4, prefix max expansions: 200, query timeout (ms): 500, timeout policy: return, oom policy: return, cursor read size: 1000, cursor max idle (ms): 300000, max doctable size: 1000000, max number of search results:  1000000, default scorer: BM25STD, 
1:M 14 Jul 2026 06:36:31.828 * <search> Initialized thread pools!
1:M 14 Jul 2026 06:36:31.828 * <search> Disabled workers threadpool of size 0
1:M 14 Jul 2026 06:36:31.828 * <search> Subscribe to config changes
1:M 14 Jul 2026 06:36:31.828 * <search> Subscribe to cluster slot migration events
1:M 14 Jul 2026 06:36:31.828 * <search> Enabled role change notification
1:M 14 Jul 2026 06:36:31.828 * <search> Cluster configuration: AUTO partitions, type: 0, coordinator timeout: 0ms
1:M 14 Jul 2026 06:36:31.828 * Module 'search' loaded from /usr/local/lib/redis/modules//redisearch.so
1:M 14 Jul 2026 06:36:31.828 * <timeseries> RedisTimeSeries version 80600, git_sha=05fd355db748676861dc4c17d19c8c1ca74c0154
1:M 14 Jul 2026 06:36:31.828 * <timeseries> Redis version found by RedisTimeSeries : 8.6.1 - oss
1:M 14 Jul 2026 06:36:31.828 * <timeseries> Registering configuration options: [
1:M 14 Jul 2026 06:36:31.828 * <timeseries> 	{ ts-compaction-policy   :              }
1:M 14 Jul 2026 06:36:31.828 * <timeseries> 	{ ts-num-threads         :            3 }
1:M 14 Jul 2026 06:36:31.828 * <timeseries> 	{ ts-retention-policy    :            0 }
1:M 14 Jul 2026 06:36:31.828 * <timeseries> 	{ ts-duplicate-policy    :        block }
1:M 14 Jul 2026 06:36:31.828 * <timeseries> 	{ ts-chunk-size-bytes    :         4096 }
1:M 14 Jul 2026 06:36:31.828 * <timeseries> 	{ ts-encoding            :   compressed }
1:M 14 Jul 2026 06:36:31.828 * <timeseries> 	{ ts-ignore-max-time-diff:            0 }
1:M 14 Jul 2026 06:36:31.828 * <timeseries> 	{ ts-ignore-max-val-diff :     0.000000 }
1:M 14 Jul 2026 06:36:31.828 * <timeseries> ]
1:M 14 Jul 2026 06:36:31.828 * <timeseries> Detected redis oss
1:M 14 Jul 2026 06:36:31.828 * <timeseries> Subscribe to ASM events
1:M 14 Jul 2026 06:36:31.828 * <timeseries> Enabled diskless replication
1:M 14 Jul 2026 06:36:31.828 * Module 'timeseries' loaded from /usr/local/lib/redis/modules//redistimeseries.so
1:M 14 Jul 2026 06:36:31.828 * <ReJSON> Created new data type 'ReJSON-RL'
1:M 14 Jul 2026 06:36:31.829 * <ReJSON> version: 80600 git sha: unknown branch: unknown
1:M 14 Jul 2026 06:36:31.829 * <ReJSON> Exported RedisJSON_V1 API
1:M 14 Jul 2026 06:36:31.829 * <ReJSON> Exported RedisJSON_V2 API
1:M 14 Jul 2026 06:36:31.829 * <ReJSON> Exported RedisJSON_V3 API
1:M 14 Jul 2026 06:36:31.829 * <ReJSON> Exported RedisJSON_V4 API
1:M 14 Jul 2026 06:36:31.829 * <ReJSON> Exported RedisJSON_V5 API
1:M 14 Jul 2026 06:36:31.829 * <ReJSON> Exported RedisJSON_V6 API
1:M 14 Jul 2026 06:36:31.829 * <ReJSON> Enabled diskless replication
1:M 14 Jul 2026 06:36:31.829 * <ReJSON> Initialized shared string cache, thread safe: true.
1:M 14 Jul 2026 06:36:31.829 * Module 'ReJSON' loaded from /usr/local/lib/redis/modules//rejson.so
1:M 14 Jul 2026 06:36:31.829 * <search> Acquired RedisJSON_V6 API
1:M 14 Jul 2026 06:36:31.829 * Server initialized
1:M 14 Jul 2026 06:36:31.829 * BGSAVE done, 0 keys saved, 0 keys skipped, 88 bytes written.
1:M 14 Jul 2026 06:36:31.832 * Creating AOF base file appendonly.aof.1.base.rdb on server start
1:M 14 Jul 2026 06:36:31.833 * Creating AOF incr file appendonly.aof.1.incr.aof on server start
1:M 14 Jul 2026 06:36:31.833 * Ready to accept connections tcp
1:M 14 Jul 2026 06:36:31.833 # WARNING: Redis does not require authentication and is not protected by network restrictions. Redis will accept connections from any IP address on any network interface.
