Creating cluster "ai-video-base002-22413" ...
 • Ensuring node image (kindest/node) 🖼  ...
 ✓ Ensuring node image (kindest/node) 🖼
 • Preparing nodes 📦 📦 📦   ...
 ✓ Preparing nodes 📦 📦 📦 
 • Writing configuration 📜  ...
 ✓ Writing configuration 📜
 • Starting control-plane 🕹️  ...
 ✓ Starting control-plane 🕹️
 • Installing CNI 🔌  ...
 ✓ Installing CNI 🔌
 • Installing StorageClass 💾  ...
 ✓ Installing StorageClass 💾
 • Joining worker nodes 🚜  ...
 ✓ Joining worker nodes 🚜
 • Waiting ≤ 3m0s for control-plane = Ready ⏳  ...
 ✓ Waiting ≤ 3m0s for control-plane = Ready ⏳
 • Ready after 11s 💚
Set kubectl context to "kind-ai-video-base002-22413"
You can now use your cluster with:

kubectl cluster-info --context kind-ai-video-base002-22413

Have a question, bug, or feature request? Let us know! https://kind.sigs.k8s.io/#community 🙂
