#0 building with "colima" instance using docker driver

#1 [internal] load build definition from Dockerfile
#1 transferring dockerfile: 595B done
#1 DONE 0.0s

#2 [internal] load metadata for docker.io/library/mysql@sha256:c831a0f11348d402b43d77453e17d770be2eef356615a2823fe0f5a0d6c8b9af
#2 DONE 0.0s

#3 [internal] load .dockerignore
#3 transferring context: 2B done
#3 DONE 0.0s

#4 [1/2] FROM docker.io/library/mysql@sha256:c831a0f11348d402b43d77453e17d770be2eef356615a2823fe0f5a0d6c8b9af
#4 resolve docker.io/library/mysql@sha256:c831a0f11348d402b43d77453e17d770be2eef356615a2823fe0f5a0d6c8b9af done
#4 DONE 0.0s

#5 [2/2] RUN rpm -e --nodeps mysql-community-server-minimal     && printf '[mysql8.4-community]\nname=MySQL 8.4 Community\nenabled=1\nbaseurl=https://repo.mysql.com/yum/mysql-8.4-community/el/9/$basearch/\ngpgcheck=1\ngpgkey=file:///etc/pki/rpm-gpg/RPM-GPG-KEY-mysql\nmodule_hotfixes=true\n' >/etc/yum.repos.d/mysql-community.repo     && microdnf install -y mysql-community-client-8.4.10-1.el9     && microdnf clean all     && mysqlbinlog --version
#5 CACHED

#6 exporting to image
#6 exporting layers done
#6 exporting manifest sha256:63c4e43d9732d3a48916a37f27bcc60f5895569dce9fcc6189d914ffb22b1471 done
#6 exporting config sha256:5416a76a5684fe855fc5d9d1dfa736cbf102b61103a456382564eaff947a37fa done
#6 exporting attestation manifest sha256:9e93825eb563330eab63f76c1544f96383e9ed105296e300acf6a3282ad40b86 done
#6 exporting manifest list sha256:618bbc1fbfbd0f2a92c9b350f49c155196da12272d0494bdb9f6241c237a790e done
#6 naming to docker.io/base002/mysql-binlog-client:8.4.10 done
#6 unpacking to docker.io/base002/mysql-binlog-client:8.4.10 done
#6 DONE 0.0s
