2026-07-14 08:10:16+00:00 [Note] [Entrypoint]: Entrypoint script for MySQL Server 8.4.10-1.el9 started.
2026-07-14 08:10:16+00:00 [Note] [Entrypoint]: Switching to dedicated user 'mysql'
2026-07-14 08:10:16+00:00 [Note] [Entrypoint]: Entrypoint script for MySQL Server 8.4.10-1.el9 started.
2026-07-14 08:10:16+00:00 [Note] [Entrypoint]: Initializing database files
2026-07-14T08:10:16.860540Z 0 [System] [MY-015017] [Server] MySQL Server Initialization - start.
2026-07-14T08:10:16.861116Z 0 [Warning] [MY-011070] [Server] 'binlog_format' is deprecated and will be removed in a future release.
2026-07-14T08:10:16.861149Z 0 [System] [MY-013169] [Server] /usr/sbin/mysqld (mysqld 8.4.10) initializing of server in progress as process 86
2026-07-14T08:10:16.865413Z 1 [System] [MY-013576] [InnoDB] InnoDB initialization has started.
2026-07-14T08:10:16.999052Z 1 [System] [MY-013577] [InnoDB] InnoDB initialization has ended.
2026-07-14T08:10:17.497203Z 6 [Warning] [MY-010453] [Server] root@localhost is created with an empty password ! Please consider switching off the --initialize-insecure option.
2026-07-14T08:10:18.864658Z 0 [System] [MY-015018] [Server] MySQL Server Initialization - end.
2026-07-14 08:10:18+00:00 [Note] [Entrypoint]: Database files initialized
2026-07-14 08:10:18+00:00 [Note] [Entrypoint]: Starting temporary server
2026-07-14T08:10:18.889548Z 0 [System] [MY-015015] [Server] MySQL Server - start.
2026-07-14T08:10:19.049773Z 0 [Warning] [MY-011070] [Server] 'binlog_format' is deprecated and will be removed in a future release.
2026-07-14T08:10:19.050453Z 0 [System] [MY-010116] [Server] /usr/sbin/mysqld (mysqld 8.4.10) starting as process 139
2026-07-14T08:10:19.055935Z 1 [System] [MY-013576] [InnoDB] InnoDB initialization has started.
2026-07-14T08:10:19.141824Z 1 [System] [MY-013577] [InnoDB] InnoDB initialization has ended.
2026-07-14T08:10:19.269116Z 0 [Warning] [MY-010068] [Server] CA certificate ca.pem is self signed.
2026-07-14T08:10:19.269138Z 0 [System] [MY-013602] [Server] Channel mysql_main configured to support TLS. Encrypted connections are now supported for this channel.
2026-07-14T08:10:19.270255Z 0 [Warning] [MY-011810] [Server] Insecure configuration for --pid-file: Location '/var/run/mysqld' in the path is accessible to all OS users. Consider choosing a different directory.
2026-07-14T08:10:19.279143Z 0 [System] [MY-011323] [Server] X Plugin ready for connections. Socket: /var/run/mysqld/mysqlx.sock
2026-07-14T08:10:19.279174Z 0 [System] [MY-010931] [Server] /usr/sbin/mysqld: ready for connections. Version: '8.4.10'  socket: '/var/run/mysqld/mysqld.sock'  port: 0  MySQL Community Server - GPL.
2026-07-14 08:10:19+00:00 [Note] [Entrypoint]: Temporary server started.
'/var/lib/mysql/mysql.sock' -> '/var/run/mysqld/mysqld.sock'
Warning: Unable to load '/usr/share/zoneinfo/iso3166.tab' as time zone. Skipping it.
Warning: Unable to load '/usr/share/zoneinfo/leap-seconds.list' as time zone. Skipping it.
Warning: Unable to load '/usr/share/zoneinfo/leapseconds' as time zone. Skipping it.
Warning: Unable to load '/usr/share/zoneinfo/tzdata.zi' as time zone. Skipping it.
Warning: Unable to load '/usr/share/zoneinfo/zone.tab' as time zone. Skipping it.
Warning: Unable to load '/usr/share/zoneinfo/zone1970.tab' as time zone. Skipping it.

2026-07-14 08:10:19+00:00 [Note] [Entrypoint]: Stopping temporary server
2026-07-14T08:10:19.899432Z 11 [System] [MY-013172] [Server] Received SHUTDOWN from user root. Shutting down mysqld (Version: 8.4.10).
2026-07-14T08:10:20.783242Z 0 [System] [MY-010910] [Server] /usr/sbin/mysqld: Shutdown complete (mysqld 8.4.10)  MySQL Community Server - GPL.
2026-07-14T08:10:20.783260Z 0 [System] [MY-015016] [Server] MySQL Server - end.
2026-07-14 08:10:20+00:00 [Note] [Entrypoint]: Temporary server stopped

2026-07-14 08:10:20+00:00 [Note] [Entrypoint]: MySQL init process done. Ready for start up.

2026-07-14T08:10:20.909053Z 0 [System] [MY-015015] [Server] MySQL Server - start.
2026-07-14T08:10:21.060328Z 0 [Warning] [MY-011070] [Server] 'binlog_format' is deprecated and will be removed in a future release.
2026-07-14T08:10:21.061138Z 0 [System] [MY-010116] [Server] /usr/sbin/mysqld (mysqld 8.4.10) starting as process 1
2026-07-14T08:10:21.063683Z 1 [System] [MY-013576] [InnoDB] InnoDB initialization has started.
2026-07-14T08:10:21.152906Z 1 [System] [MY-013577] [InnoDB] InnoDB initialization has ended.
2026-07-14T08:10:21.266344Z 0 [Warning] [MY-010068] [Server] CA certificate ca.pem is self signed.
2026-07-14T08:10:21.266369Z 0 [System] [MY-013602] [Server] Channel mysql_main configured to support TLS. Encrypted connections are now supported for this channel.
2026-07-14T08:10:21.267595Z 0 [Warning] [MY-011810] [Server] Insecure configuration for --pid-file: Location '/var/run/mysqld' in the path is accessible to all OS users. Consider choosing a different directory.
2026-07-14T08:10:21.276342Z 0 [System] [MY-010931] [Server] /usr/sbin/mysqld: ready for connections. Version: '8.4.10'  socket: '/var/run/mysqld/mysqld.sock'  port: 3306  MySQL Community Server - GPL.
2026-07-14T08:10:21.276363Z 0 [System] [MY-011323] [Server] X Plugin ready for connections. Bind-address: '::' port: 33060, socket: /var/run/mysqld/mysqlx.sock
