2026-07-14T09:12:33.842Z	[34mINFO[0m	Starting schema setup	{"config": {"SchemaFilePath":"","SchemaName":"","InitialVersion":"0.0","Overwrite":false,"DisableVersioning":false}, "logging-call-at": "/home/runner/work/temporal/temporal/tools/common/schema/setuptask.go:40"}
2026-07-14T09:12:33.842Z	[35mDEBUG[0m	Setting up version tables	{"logging-call-at": "/home/runner/work/temporal/temporal/tools/common/schema/setuptask.go:50"}
2026-07-14T09:12:33.900Z	[35mDEBUG[0m	Setting initial schema version to 0.0	{"logging-call-at": "/home/runner/work/temporal/temporal/tools/common/schema/setuptask.go:113"}
2026-07-14T09:12:33.910Z	[35mDEBUG[0m	Updating schema update log	{"logging-call-at": "/home/runner/work/temporal/temporal/tools/common/schema/setuptask.go:118"}
2026-07-14T09:12:33.913Z	[34mINFO[0m	Schema setup complete	{"logging-call-at": "/home/runner/work/temporal/temporal/tools/common/schema/setuptask.go:126"}
2026-07-14T09:12:34.234Z	[34mINFO[0m	Starting schema setup	{"config": {"SchemaFilePath":"","SchemaName":"","InitialVersion":"0.0","Overwrite":false,"DisableVersioning":false}, "logging-call-at": "/home/runner/work/temporal/temporal/tools/common/schema/setuptask.go:40"}
2026-07-14T09:12:34.234Z	[35mDEBUG[0m	Setting up version tables	{"logging-call-at": "/home/runner/work/temporal/temporal/tools/common/schema/setuptask.go:50"}
2026-07-14T09:12:34.244Z	[35mDEBUG[0m	Setting initial schema version to 0.0	{"logging-call-at": "/home/runner/work/temporal/temporal/tools/common/schema/setuptask.go:113"}
2026-07-14T09:12:34.245Z	[35mDEBUG[0m	Updating schema update log	{"logging-call-at": "/home/runner/work/temporal/temporal/tools/common/schema/setuptask.go:118"}
2026-07-14T09:12:34.246Z	[34mINFO[0m	Schema setup complete	{"logging-call-at": "/home/runner/work/temporal/temporal/tools/common/schema/setuptask.go:126"}
2026-07-14T09:12:34.419Z	[34mINFO[0m	UpdateSchemaTask started	{"config": {"DBName":"","TargetVersion":"","SchemaDir":"/etc/temporal/schema/mysql/v8/temporal/versioned","SchemaName":"","IsDryRun":false}, "logging-call-at": "/home/runner/work/temporal/temporal/tools/common/schema/updatetask.go:80"}
2026-07-14T09:12:34.420Z	[35mDEBUG[0m	Schema Dirs: [v1.0 v1.1 v1.2 v1.3 v1.4 v1.5 v1.6 v1.7 v1.8 v1.9 v1.10 v1.11 v1.12 v1.13 v1.14 v1.15 v1.16 v1.17 v1.18 v1.19]	{"logging-call-at": "/home/runner/work/temporal/temporal/tools/common/schema/updatetask.go:188"}
2026-07-14T09:12:34.420Z	[34mINFO[0m	Processing schema file: v1.0/schema.sql	{"logging-call-at": "/home/runner/work/temporal/temporal/tools/common/schema/updatetask.go:232"}
2026-07-14T09:12:34.420Z	[34mINFO[0m	Processing schema file: v1.1/cluster_metadata.sql	{"logging-call-at": "/home/runner/work/temporal/temporal/tools/common/schema/updatetask.go:232"}
2026-07-14T09:12:34.420Z	[34mINFO[0m	Processing schema file: v1.2/queue.sql	{"logging-call-at": "/home/runner/work/temporal/temporal/tools/common/schema/updatetask.go:232"}
2026-07-14T09:12:34.420Z	[34mINFO[0m	Processing schema file: v1.2/blob_size.sql	{"logging-call-at": "/home/runner/work/temporal/temporal/tools/common/schema/updatetask.go:232"}
2026-07-14T09:12:34.420Z	[34mINFO[0m	Processing schema file: v1.3/visibility_tasks.sql	{"logging-call-at": "/home/runner/work/temporal/temporal/tools/common/schema/updatetask.go:232"}
2026-07-14T09:12:34.420Z	[34mINFO[0m	Processing schema file: v1.4/cluster_metadata.sql	{"logging-call-at": "/home/runner/work/temporal/temporal/tools/common/schema/updatetask.go:232"}
2026-07-14T09:12:34.420Z	[34mINFO[0m	Processing schema file: v1.5/event.sql	{"logging-call-at": "/home/runner/work/temporal/temporal/tools/common/schema/updatetask.go:232"}
2026-07-14T09:12:34.421Z	[34mINFO[0m	Processing schema file: v1.5/executions.sql	{"logging-call-at": "/home/runner/work/temporal/temporal/tools/common/schema/updatetask.go:232"}
2026-07-14T09:12:34.421Z	[34mINFO[0m	Processing schema file: v1.5/cluster_membership.sql	{"logging-call-at": "/home/runner/work/temporal/temporal/tools/common/schema/updatetask.go:232"}
2026-07-14T09:12:34.421Z	[34mINFO[0m	Processing schema file: v1.6/queue_metadata.sql	{"logging-call-at": "/home/runner/work/temporal/temporal/tools/common/schema/updatetask.go:232"}
2026-07-14T09:12:34.421Z	[34mINFO[0m	Processing schema file: v1.7/cluster_metadata_info.sql	{"logging-call-at": "/home/runner/work/temporal/temporal/tools/common/schema/updatetask.go:232"}
2026-07-14T09:12:34.421Z	[34mINFO[0m	Processing schema file: v1.7/no_start_version.sql	{"logging-call-at": "/home/runner/work/temporal/temporal/tools/common/schema/updatetask.go:232"}
2026-07-14T09:12:34.421Z	[34mINFO[0m	Processing schema file: v1.7/tiered_storage_tasks.sql	{"logging-call-at": "/home/runner/work/temporal/temporal/tools/common/schema/updatetask.go:232"}
2026-07-14T09:12:34.421Z	[34mINFO[0m	Processing schema file: v1.8/drop_unused_tasks_table.sql	{"logging-call-at": "/home/runner/work/temporal/temporal/tools/common/schema/updatetask.go:232"}
2026-07-14T09:12:34.421Z	[34mINFO[0m	Processing schema file: v1.8/alter_columns.sql	{"logging-call-at": "/home/runner/work/temporal/temporal/tools/common/schema/updatetask.go:232"}
2026-07-14T09:12:34.421Z	[34mINFO[0m	Processing schema file: v1.9/history_tasks_table.sql	{"logging-call-at": "/home/runner/work/temporal/temporal/tools/common/schema/updatetask.go:232"}
2026-07-14T09:12:34.421Z	[34mINFO[0m	Processing schema file: v1.10/task_queue_user_data.sql	{"logging-call-at": "/home/runner/work/temporal/temporal/tools/common/schema/updatetask.go:232"}
2026-07-14T09:12:34.421Z	[34mINFO[0m	Processing schema file: v1.11/queues.sql	{"logging-call-at": "/home/runner/work/temporal/temporal/tools/common/schema/updatetask.go:232"}
2026-07-14T09:12:34.421Z	[34mINFO[0m	Processing schema file: v1.12/nexus_incoming_services.sql	{"logging-call-at": "/home/runner/work/temporal/temporal/tools/common/schema/updatetask.go:232"}
2026-07-14T09:12:34.421Z	[34mINFO[0m	Processing schema file: v1.13/nexus_endpoints.sql	{"logging-call-at": "/home/runner/work/temporal/temporal/tools/common/schema/updatetask.go:232"}
2026-07-14T09:12:34.421Z	[34mINFO[0m	Processing schema file: v1.14/add_current_executions_start_time.sql	{"logging-call-at": "/home/runner/work/temporal/temporal/tools/common/schema/updatetask.go:232"}
2026-07-14T09:12:34.421Z	[34mINFO[0m	Processing schema file: v1.15/add_current_executions_data.sql	{"logging-call-at": "/home/runner/work/temporal/temporal/tools/common/schema/updatetask.go:232"}
2026-07-14T09:12:34.421Z	[34mINFO[0m	Processing schema file: v1.16/fix_data_encoding_column.sql	{"logging-call-at": "/home/runner/work/temporal/temporal/tools/common/schema/updatetask.go:232"}
2026-07-14T09:12:34.421Z	[34mINFO[0m	Processing schema file: v1.17/add_chasm_node_maps.sql	{"logging-call-at": "/home/runner/work/temporal/temporal/tools/common/schema/updatetask.go:232"}
2026-07-14T09:12:34.421Z	[34mINFO[0m	Processing schema file: v1.18/tasks_v2.sql	{"logging-call-at": "/home/runner/work/temporal/temporal/tools/common/schema/updatetask.go:232"}
2026-07-14T09:12:34.421Z	[34mINFO[0m	Processing schema file: v1.19/current_chasm_executions.sql	{"logging-call-at": "/home/runner/work/temporal/temporal/tools/common/schema/updatetask.go:232"}
2026-07-14T09:12:34.421Z	[35mDEBUG[0m	running 20 updates for current version 0.0	{"logging-call-at": "/home/runner/work/temporal/temporal/tools/common/schema/updatetask.go:114"}
2026-07-14T09:12:34.421Z	[35mDEBUG[0m	---- Executing updates for version 1.0 ----	{"logging-call-at": "/home/runner/work/temporal/temporal/tools/common/schema/updatetask.go:133"}
2026-07-14T09:12:34.421Z	[35mDEBUG[0m	CREATE TABLE namespaces( partition_id INT NOT NULL, id BINARY(16) NOT NULL, name VARCHAR(255) UNIQUE NOT NULL, notification_version BIGINT NOT NULL, data BLOB NOT NULL, data_encoding VARCHAR(16) NOT NULL, is_global TINYINT(1) NOT NULL, PRIMARY KEY(partition_id, id) );	{"logging-call-at": "/home/runner/work/temporal/temporal/tools/common/schema/updatetask.go:135"}
2026-07-14T09:12:34.432Z	[35mDEBUG[0m	CREATE TABLE namespace_metadata ( partition_id INT NOT NULL, notification_version BIGINT NOT NULL, PRIMARY KEY(partition_id) );	{"logging-call-at": "/home/runner/work/temporal/temporal/tools/common/schema/updatetask.go:135"}
2026-07-14T09:12:34.442Z	[35mDEBUG[0m	INSERT INTO namespace_metadata (partition_id, notification_version) VALUES (54321, 1);	{"logging-call-at": "/home/runner/work/temporal/temporal/tools/common/schema/updatetask.go:135"}
2026-07-14T09:12:34.445Z	[35mDEBUG[0m	CREATE TABLE shards ( shard_id INT NOT NULL, range_id BIGINT NOT NULL, data BLOB NOT NULL, data_encoding VARCHAR(16) NOT NULL, PRIMARY KEY (shard_id) );	{"logging-call-at": "/home/runner/work/temporal/temporal/tools/common/schema/updatetask.go:135"}
2026-07-14T09:12:34.450Z	[35mDEBUG[0m	CREATE TABLE transfer_tasks( shard_id INT NOT NULL, task_id BIGINT NOT NULL, data BLOB NOT NULL, data_encoding VARCHAR(16) NOT NULL, PRIMARY KEY (shard_id, task_id) );	{"logging-call-at": "/home/runner/work/temporal/temporal/tools/common/schema/updatetask.go:135"}
2026-07-14T09:12:34.455Z	[35mDEBUG[0m	CREATE TABLE executions( shard_id INT NOT NULL, namespace_id BINARY(16) NOT NULL, workflow_id VARCHAR(255) NOT NULL, run_id BINARY(16) NOT NULL, next_event_id BIGINT NOT NULL, last_write_version BIGINT NOT NULL, data BLOB NOT NULL, data_encoding VARCHAR(16) NOT NULL, state BLOB NOT NULL, state_encoding VARCHAR(16) NOT NULL, PRIMARY KEY (shard_id, namespace_id, workflow_id, run_id) );	{"logging-call-at": "/home/runner/work/temporal/temporal/tools/common/schema/updatetask.go:135"}
2026-07-14T09:12:34.462Z	[35mDEBUG[0m	CREATE TABLE current_executions( shard_id INT NOT NULL, namespace_id BINARY(16) NOT NULL, workflow_id VARCHAR(255) NOT NULL, run_id BINARY(16) NOT NULL, create_request_id VARCHAR(64) NOT NULL, state INT NOT NULL, status INT NOT NULL, start_version BIGINT NOT NULL, last_write_version BIGINT NOT NULL, PRIMARY KEY (shard_id, namespace_id, workflow_id) );	{"logging-call-at": "/home/runner/work/temporal/temporal/tools/common/schema/updatetask.go:135"}
2026-07-14T09:12:34.467Z	[35mDEBUG[0m	CREATE TABLE buffered_events ( shard_id INT NOT NULL, namespace_id BINARY(16) NOT NULL, workflow_id VARCHAR(255) NOT NULL, run_id BINARY(16) NOT NULL, id BIGINT AUTO_INCREMENT NOT NULL UNIQUE, data MEDIUMBLOB NOT NULL, data_encoding VARCHAR(16) NOT NULL, PRIMARY KEY (shard_id, namespace_id, workflow_id, run_id, id) );	{"logging-call-at": "/home/runner/work/temporal/temporal/tools/common/schema/updatetask.go:135"}
2026-07-14T09:12:34.473Z	[35mDEBUG[0m	CREATE TABLE tasks ( range_hash INT UNSIGNED NOT NULL, task_queue_id VARBINARY(272) NOT NULL, task_id BIGINT NOT NULL, data BLOB NOT NULL, data_encoding VARCHAR(16) NOT NULL, PRIMARY KEY (range_hash, task_queue_id, task_id) );	{"logging-call-at": "/home/runner/work/temporal/temporal/tools/common/schema/updatetask.go:135"}
2026-07-14T09:12:34.479Z	[35mDEBUG[0m	CREATE TABLE task_queues ( range_hash INT UNSIGNED NOT NULL, task_queue_id VARBINARY(272) NOT NULL, range_id BIGINT NOT NULL, data BLOB NOT NULL, data_encoding VARCHAR(16) NOT NULL, PRIMARY KEY (range_hash, task_queue_id) );	{"logging-call-at": "/home/runner/work/temporal/temporal/tools/common/schema/updatetask.go:135"}
2026-07-14T09:12:34.485Z	[35mDEBUG[0m	CREATE TABLE replication_tasks ( shard_id INT NOT NULL, task_id BIGINT NOT NULL, data BLOB NOT NULL, data_encoding VARCHAR(16) NOT NULL, PRIMARY KEY (shard_id, task_id) );	{"logging-call-at": "/home/runner/work/temporal/temporal/tools/common/schema/updatetask.go:135"}
2026-07-14T09:12:34.491Z	[35mDEBUG[0m	CREATE TABLE replication_tasks_dlq ( source_cluster_name VARCHAR(255) NOT NULL, shard_id INT NOT NULL, task_id BIGINT NOT NULL, data BLOB NOT NULL, data_encoding VARCHAR(16) NOT NULL, PRIMARY KEY (source_cluster_name, shard_id, task_id) );	{"logging-call-at": "/home/runner/work/temporal/temporal/tools/common/schema/updatetask.go:135"}
2026-07-14T09:12:34.496Z	[35mDEBUG[0m	CREATE TABLE timer_tasks ( shard_id INT NOT NULL, visibility_timestamp DATETIME(6) NOT NULL, task_id BIGINT NOT NULL, data BLOB NOT NULL, data_encoding VARCHAR(16) NOT NULL, PRIMARY KEY (shard_id, visibility_timestamp, task_id) );	{"logging-call-at": "/home/runner/work/temporal/temporal/tools/common/schema/updatetask.go:135"}
2026-07-14T09:12:34.501Z	[35mDEBUG[0m	CREATE TABLE activity_info_maps ( shard_id INT NOT NULL, namespace_id BINARY(16) NOT NULL, workflow_id VARCHAR(255) NOT NULL, run_id BINARY(16) NOT NULL, schedule_id BIGINT NOT NULL, data BLOB NOT NULL, data_encoding VARCHAR(16), PRIMARY KEY (shard_id, namespace_id, workflow_id, run_id, schedule_id) );	{"logging-call-at": "/home/runner/work/temporal/temporal/tools/common/schema/updatetask.go:135"}
2026-07-14T09:12:34.507Z	[35mDEBUG[0m	CREATE TABLE timer_info_maps ( shard_id INT NOT NULL, namespace_id BINARY(16) NOT NULL, workflow_id VARCHAR(255) NOT NULL, run_id BINARY(16) NOT NULL, timer_id VARCHAR(255) NOT NULL, data BLOB NOT NULL, data_encoding VARCHAR(16), PRIMARY KEY (shard_id, namespace_id, workflow_id, run_id, timer_id) );	{"logging-call-at": "/home/runner/work/temporal/temporal/tools/common/schema/updatetask.go:135"}
2026-07-14T09:12:34.513Z	[35mDEBUG[0m	CREATE TABLE child_execution_info_maps ( shard_id INT NOT NULL, namespace_id BINARY(16) NOT NULL, workflow_id VARCHAR(255) NOT NULL, run_id BINARY(16) NOT NULL, initiated_id BIGINT NOT NULL, data BLOB NOT NULL, data_encoding VARCHAR(16), PRIMARY KEY (shard_id, namespace_id, workflow_id, run_id, initiated_id) );	{"logging-call-at": "/home/runner/work/temporal/temporal/tools/common/schema/updatetask.go:135"}
2026-07-14T09:12:34.520Z	[35mDEBUG[0m	CREATE TABLE request_cancel_info_maps ( shard_id INT NOT NULL, namespace_id BINARY(16) NOT NULL, workflow_id VARCHAR(255) NOT NULL, run_id BINARY(16) NOT NULL, initiated_id BIGINT NOT NULL, data BLOB NOT NULL, data_encoding VARCHAR(16), PRIMARY KEY (shard_id, namespace_id, workflow_id, run_id, initiated_id) );	{"logging-call-at": "/home/runner/work/temporal/temporal/tools/common/schema/updatetask.go:135"}
2026-07-14T09:12:34.526Z	[35mDEBUG[0m	CREATE TABLE signal_info_maps ( shard_id INT NOT NULL, namespace_id BINARY(16) NOT NULL, workflow_id VARCHAR(255) NOT NULL, run_id BINARY(16) NOT NULL, initiated_id BIGINT NOT NULL, data BLOB NOT NULL, data_encoding VARCHAR(16), PRIMARY KEY (shard_id, namespace_id, workflow_id, run_id, initiated_id) );	{"logging-call-at": "/home/runner/work/temporal/temporal/tools/common/schema/updatetask.go:135"}
2026-07-14T09:12:34.531Z	[35mDEBUG[0m	CREATE TABLE signals_requested_sets ( shard_id INT NOT NULL, namespace_id BINARY(16) NOT NULL, workflow_id VARCHAR(255) NOT NULL, run_id BINARY(16) NOT NULL, signal_id VARCHAR(64) NOT NULL, PRIMARY KEY (shard_id, namespace_id, workflow_id, run_id, signal_id) );	{"logging-call-at": "/home/runner/work/temporal/temporal/tools/common/schema/updatetask.go:135"}
2026-07-14T09:12:34.537Z	[35mDEBUG[0m	CREATE TABLE history_node ( shard_id INT NOT NULL, tree_id BINARY(16) NOT NULL, branch_id BINARY(16) NOT NULL, node_id BIGINT NOT NULL, txn_id BIGINT NOT NULL, data MEDIUMBLOB NOT NULL, data_encoding VARCHAR(16) NOT NULL, PRIMARY KEY (shard_id, tree_id, branch_id, node_id, txn_id) );	{"logging-call-at": "/home/runner/work/temporal/temporal/tools/common/schema/updatetask.go:135"}
2026-07-14T09:12:34.541Z	[35mDEBUG[0m	CREATE TABLE history_tree ( shard_id INT NOT NULL, tree_id BINARY(16) NOT NULL, branch_id BINARY(16) NOT NULL, data BLOB NOT NULL, data_encoding VARCHAR(16) NOT NULL, PRIMARY KEY (shard_id, tree_id, branch_id) );	{"logging-call-at": "/home/runner/work/temporal/temporal/tools/common/schema/updatetask.go:135"}
2026-07-14T09:12:34.546Z	[35mDEBUG[0m	CREATE TABLE queue ( queue_type INT NOT NULL, message_id BIGINT NOT NULL, message_payload BLOB NOT NULL, PRIMARY KEY(queue_type, message_id) );	{"logging-call-at": "/home/runner/work/temporal/temporal/tools/common/schema/updatetask.go:135"}
2026-07-14T09:12:34.552Z	[35mDEBUG[0m	CREATE TABLE queue_metadata ( queue_type INT NOT NULL, data BLOB NOT NULL, PRIMARY KEY(queue_type) );	{"logging-call-at": "/home/runner/work/temporal/temporal/tools/common/schema/updatetask.go:135"}
2026-07-14T09:12:34.556Z	[35mDEBUG[0m	CREATE TABLE cluster_metadata ( metadata_partition INT NOT NULL, immutable_data BLOB NOT NULL, immutable_data_encoding VARCHAR(16) NOT NULL, PRIMARY KEY(metadata_partition) );	{"logging-call-at": "/home/runner/work/temporal/temporal/tools/common/schema/updatetask.go:135"}
2026-07-14T09:12:34.561Z	[35mDEBUG[0m	CREATE TABLE cluster_membership ( membership_partition INT NOT NULL, host_id BINARY(16) NOT NULL, rpc_address VARCHAR(15) NOT NULL, rpc_port SMALLINT NOT NULL, role TINYINT NOT NULL, session_start TIMESTAMP DEFAULT '1970-01-02 00:00:01', last_heartbeat TIMESTAMP DEFAULT '1970-01-02 00:00:01', record_expiry TIMESTAMP DEFAULT '1970-01-02 00:00:01', INDEX (role, host_id), INDEX (role, last_heartbeat), INDEX (rpc_address, role), INDEX (last_heartbeat), INDEX (record_expiry), PRIMARY KEY (membership_partition, host_id) );	{"logging-call-at": "/home/runner/work/temporal/temporal/tools/common/schema/updatetask.go:135"}
2026-07-14T09:12:34.571Z	[35mDEBUG[0m	---- Done ----	{"logging-call-at": "/home/runner/work/temporal/temporal/tools/common/schema/updatetask.go:152"}
2026-07-14T09:12:34.572Z	[35mDEBUG[0m	Schema updated from 0.0 to 1.0	{"logging-call-at": "/home/runner/work/temporal/temporal/tools/common/schema/updatetask.go:125"}
2026-07-14T09:12:34.572Z	[35mDEBUG[0m	---- Executing updates for version 1.1 ----	{"logging-call-at": "/home/runner/work/temporal/temporal/tools/common/schema/updatetask.go:133"}
2026-07-14T09:12:34.572Z	[35mDEBUG[0m	ALTER TABLE cluster_metadata ADD data BLOB NOT NULL;	{"logging-call-at": "/home/runner/work/temporal/temporal/tools/common/schema/updatetask.go:135"}
2026-07-14T09:12:34.580Z	[35mDEBUG[0m	ALTER TABLE cluster_metadata ADD data_encoding VARCHAR(16) NOT NULL DEFAULT 'Proto3';	{"logging-call-at": "/home/runner/work/temporal/temporal/tools/common/schema/updatetask.go:135"}
2026-07-14T09:12:34.591Z	[35mDEBUG[0m	ALTER TABLE cluster_metadata ADD version BIGINT NOT NULL DEFAULT 1;	{"logging-call-at": "/home/runner/work/temporal/temporal/tools/common/schema/updatetask.go:135"}
2026-07-14T09:12:34.601Z	[35mDEBUG[0m	---- Done ----	{"logging-call-at": "/home/runner/work/temporal/temporal/tools/common/schema/updatetask.go:152"}
2026-07-14T09:12:34.602Z	[35mDEBUG[0m	Schema updated from 1.0 to 1.1	{"logging-call-at": "/home/runner/work/temporal/temporal/tools/common/schema/updatetask.go:125"}
2026-07-14T09:12:34.602Z	[35mDEBUG[0m	---- Executing updates for version 1.2 ----	{"logging-call-at": "/home/runner/work/temporal/temporal/tools/common/schema/updatetask.go:133"}
2026-07-14T09:12:34.602Z	[35mDEBUG[0m	ALTER TABLE queue ADD message_encoding VARCHAR(16) NOT NULL DEFAULT 'Json';	{"logging-call-at": "/home/runner/work/temporal/temporal/tools/common/schema/updatetask.go:135"}
2026-07-14T09:12:34.612Z	[35mDEBUG[0m	ALTER TABLE queue_metadata ADD data_encoding VARCHAR(16) NOT NULL DEFAULT 'Json';	{"logging-call-at": "/home/runner/work/temporal/temporal/tools/common/schema/updatetask.go:135"}
2026-07-14T09:12:34.622Z	[35mDEBUG[0m	ALTER TABLE namespaces MODIFY COLUMN data MEDIUMBLOB;	{"logging-call-at": "/home/runner/work/temporal/temporal/tools/common/schema/updatetask.go:135"}
2026-07-14T09:12:34.636Z	[35mDEBUG[0m	ALTER TABLE shards MODIFY COLUMN data MEDIUMBLOB;	{"logging-call-at": "/home/runner/work/temporal/temporal/tools/common/schema/updatetask.go:135"}
2026-07-14T09:12:34.649Z	[35mDEBUG[0m	ALTER TABLE transfer_tasks MODIFY COLUMN data MEDIUMBLOB;	{"logging-call-at": "/home/runner/work/temporal/temporal/tools/common/schema/updatetask.go:135"}
2026-07-14T09:12:34.664Z	[35mDEBUG[0m	ALTER TABLE executions MODIFY COLUMN data MEDIUMBLOB;	{"logging-call-at": "/home/runner/work/temporal/temporal/tools/common/schema/updatetask.go:135"}
2026-07-14T09:12:34.677Z	[35mDEBUG[0m	ALTER TABLE executions MODIFY COLUMN state MEDIUMBLOB;	{"logging-call-at": "/home/runner/work/temporal/temporal/tools/common/schema/updatetask.go:135"}
2026-07-14T09:12:34.691Z	[35mDEBUG[0m	ALTER TABLE tasks MODIFY COLUMN data MEDIUMBLOB;	{"logging-call-at": "/home/runner/work/temporal/temporal/tools/common/schema/updatetask.go:135"}
2026-07-14T09:12:34.704Z	[35mDEBUG[0m	ALTER TABLE task_queues MODIFY COLUMN data MEDIUMBLOB;	{"logging-call-at": "/home/runner/work/temporal/temporal/tools/common/schema/updatetask.go:135"}
2026-07-14T09:12:34.717Z	[35mDEBUG[0m	ALTER TABLE replication_tasks MODIFY COLUMN data MEDIUMBLOB;	{"logging-call-at": "/home/runner/work/temporal/temporal/tools/common/schema/updatetask.go:135"}
2026-07-14T09:12:34.729Z	[35mDEBUG[0m	ALTER TABLE replication_tasks_dlq MODIFY COLUMN data MEDIUMBLOB;	{"logging-call-at": "/home/runner/work/temporal/temporal/tools/common/schema/updatetask.go:135"}
2026-07-14T09:12:34.742Z	[35mDEBUG[0m	ALTER TABLE timer_tasks MODIFY COLUMN data MEDIUMBLOB;	{"logging-call-at": "/home/runner/work/temporal/temporal/tools/common/schema/updatetask.go:135"}
2026-07-14T09:12:34.754Z	[35mDEBUG[0m	ALTER TABLE activity_info_maps MODIFY COLUMN data MEDIUMBLOB;	{"logging-call-at": "/home/runner/work/temporal/temporal/tools/common/schema/updatetask.go:135"}
2026-07-14T09:12:34.769Z	[35mDEBUG[0m	ALTER TABLE timer_info_maps MODIFY COLUMN data MEDIUMBLOB;	{"logging-call-at": "/home/runner/work/temporal/temporal/tools/common/schema/updatetask.go:135"}
2026-07-14T09:12:34.782Z	[35mDEBUG[0m	ALTER TABLE child_execution_info_maps MODIFY COLUMN data MEDIUMBLOB;	{"logging-call-at": "/home/runner/work/temporal/temporal/tools/common/schema/updatetask.go:135"}
2026-07-14T09:12:34.798Z	[35mDEBUG[0m	ALTER TABLE request_cancel_info_maps MODIFY COLUMN data MEDIUMBLOB;	{"logging-call-at": "/home/runner/work/temporal/temporal/tools/common/schema/updatetask.go:135"}
2026-07-14T09:12:34.809Z	[35mDEBUG[0m	ALTER TABLE signal_info_maps MODIFY COLUMN data MEDIUMBLOB;	{"logging-call-at": "/home/runner/work/temporal/temporal/tools/common/schema/updatetask.go:135"}
2026-07-14T09:12:34.822Z	[35mDEBUG[0m	ALTER TABLE history_tree MODIFY COLUMN data MEDIUMBLOB;	{"logging-call-at": "/home/runner/work/temporal/temporal/tools/common/schema/updatetask.go:135"}
2026-07-14T09:12:34.835Z	[35mDEBUG[0m	ALTER TABLE queue MODIFY COLUMN message_payload MEDIUMBLOB;	{"logging-call-at": "/home/runner/work/temporal/temporal/tools/common/schema/updatetask.go:135"}
2026-07-14T09:12:34.849Z	[35mDEBUG[0m	ALTER TABLE queue_metadata MODIFY COLUMN data MEDIUMBLOB;	{"logging-call-at": "/home/runner/work/temporal/temporal/tools/common/schema/updatetask.go:135"}
2026-07-14T09:12:34.860Z	[35mDEBUG[0m	ALTER TABLE cluster_metadata MODIFY COLUMN data MEDIUMBLOB;	{"logging-call-at": "/home/runner/work/temporal/temporal/tools/common/schema/updatetask.go:135"}
2026-07-14T09:12:34.874Z	[35mDEBUG[0m	ALTER TABLE cluster_metadata MODIFY COLUMN immutable_data MEDIUMBLOB;	{"logging-call-at": "/home/runner/work/temporal/temporal/tools/common/schema/updatetask.go:135"}
2026-07-14T09:12:34.889Z	[35mDEBUG[0m	---- Done ----	{"logging-call-at": "/home/runner/work/temporal/temporal/tools/common/schema/updatetask.go:152"}
2026-07-14T09:12:34.891Z	[35mDEBUG[0m	Schema updated from 1.1 to 1.2	{"logging-call-at": "/home/runner/work/temporal/temporal/tools/common/schema/updatetask.go:125"}
2026-07-14T09:12:34.891Z	[35mDEBUG[0m	---- Executing updates for version 1.3 ----	{"logging-call-at": "/home/runner/work/temporal/temporal/tools/common/schema/updatetask.go:133"}
2026-07-14T09:12:34.891Z	[35mDEBUG[0m	CREATE TABLE visibility_tasks( shard_id INT NOT NULL, task_id BIGINT NOT NULL, data MEDIUMBLOB NOT NULL, data_encoding VARCHAR(16) NOT NULL, PRIMARY KEY (shard_id, task_id) );	{"logging-call-at": "/home/runner/work/temporal/temporal/tools/common/schema/updatetask.go:135"}
2026-07-14T09:12:34.898Z	[35mDEBUG[0m	---- Done ----	{"logging-call-at": "/home/runner/work/temporal/temporal/tools/common/schema/updatetask.go:152"}
2026-07-14T09:12:34.899Z	[35mDEBUG[0m	Schema updated from 1.2 to 1.3	{"logging-call-at": "/home/runner/work/temporal/temporal/tools/common/schema/updatetask.go:125"}
2026-07-14T09:12:34.899Z	[35mDEBUG[0m	---- Executing updates for version 1.4 ----	{"logging-call-at": "/home/runner/work/temporal/temporal/tools/common/schema/updatetask.go:133"}
2026-07-14T09:12:34.899Z	[35mDEBUG[0m	ALTER TABLE cluster_metadata DROP immutable_data;	{"logging-call-at": "/home/runner/work/temporal/temporal/tools/common/schema/updatetask.go:135"}
2026-07-14T09:12:34.909Z	[35mDEBUG[0m	ALTER TABLE cluster_metadata DROP immutable_data_encoding;	{"logging-call-at": "/home/runner/work/temporal/temporal/tools/common/schema/updatetask.go:135"}
2026-07-14T09:12:34.919Z	[35mDEBUG[0m	---- Done ----	{"logging-call-at": "/home/runner/work/temporal/temporal/tools/common/schema/updatetask.go:152"}
2026-07-14T09:12:34.921Z	[35mDEBUG[0m	Schema updated from 1.3 to 1.4	{"logging-call-at": "/home/runner/work/temporal/temporal/tools/common/schema/updatetask.go:125"}
2026-07-14T09:12:34.921Z	[35mDEBUG[0m	---- Executing updates for version 1.5 ----	{"logging-call-at": "/home/runner/work/temporal/temporal/tools/common/schema/updatetask.go:133"}
2026-07-14T09:12:34.921Z	[35mDEBUG[0m	ALTER TABLE history_node ADD prev_txn_id BIGINT NOT NULL DEFAULT 0;	{"logging-call-at": "/home/runner/work/temporal/temporal/tools/common/schema/updatetask.go:135"}
2026-07-14T09:12:34.932Z	[35mDEBUG[0m	ALTER TABLE executions ADD db_record_version BIGINT NOT NULL DEFAULT 0;	{"logging-call-at": "/home/runner/work/temporal/temporal/tools/common/schema/updatetask.go:135"}
2026-07-14T09:12:34.942Z	[35mDEBUG[0m	ALTER TABLE cluster_membership MODIFY COLUMN rpc_address VARCHAR(128);	{"logging-call-at": "/home/runner/work/temporal/temporal/tools/common/schema/updatetask.go:135"}
2026-07-14T09:12:34.961Z	[35mDEBUG[0m	---- Done ----	{"logging-call-at": "/home/runner/work/temporal/temporal/tools/common/schema/updatetask.go:152"}
2026-07-14T09:12:34.964Z	[35mDEBUG[0m	Schema updated from 1.4 to 1.5	{"logging-call-at": "/home/runner/work/temporal/temporal/tools/common/schema/updatetask.go:125"}
2026-07-14T09:12:34.964Z	[35mDEBUG[0m	---- Executing updates for version 1.6 ----	{"logging-call-at": "/home/runner/work/temporal/temporal/tools/common/schema/updatetask.go:133"}
2026-07-14T09:12:34.964Z	[35mDEBUG[0m	ALTER TABLE queue_metadata ADD version BIGINT NOT NULL DEFAULT 0;	{"logging-call-at": "/home/runner/work/temporal/temporal/tools/common/schema/updatetask.go:135"}
2026-07-14T09:12:34.972Z	[35mDEBUG[0m	---- Done ----	{"logging-call-at": "/home/runner/work/temporal/temporal/tools/common/schema/updatetask.go:152"}
2026-07-14T09:12:34.973Z	[35mDEBUG[0m	Schema updated from 1.5 to 1.6	{"logging-call-at": "/home/runner/work/temporal/temporal/tools/common/schema/updatetask.go:125"}
2026-07-14T09:12:34.973Z	[35mDEBUG[0m	---- Executing updates for version 1.7 ----	{"logging-call-at": "/home/runner/work/temporal/temporal/tools/common/schema/updatetask.go:133"}
2026-07-14T09:12:34.973Z	[35mDEBUG[0m	CREATE TABLE cluster_metadata_info ( metadata_partition INT NOT NULL, cluster_name VARCHAR(255) NOT NULL, data MEDIUMBLOB NOT NULL, data_encoding VARCHAR(16) NOT NULL, version BIGINT NOT NULL, PRIMARY KEY(metadata_partition, cluster_name) );	{"logging-call-at": "/home/runner/work/temporal/temporal/tools/common/schema/updatetask.go:135"}
2026-07-14T09:12:34.979Z	[35mDEBUG[0m	ALTER TABLE current_executions ALTER COLUMN start_version SET DEFAULT 0;	{"logging-call-at": "/home/runner/work/temporal/temporal/tools/common/schema/updatetask.go:135"}
2026-07-14T09:12:34.982Z	[35mDEBUG[0m	CREATE TABLE tiered_storage_tasks ( shard_id INT NOT NULL, task_id BIGINT NOT NULL, data MEDIUMBLOB NOT NULL, data_encoding VARCHAR(16) NOT NULL, PRIMARY KEY (shard_id, task_id) );	{"logging-call-at": "/home/runner/work/temporal/temporal/tools/common/schema/updatetask.go:135"}
2026-07-14T09:12:34.988Z	[35mDEBUG[0m	---- Done ----	{"logging-call-at": "/home/runner/work/temporal/temporal/tools/common/schema/updatetask.go:152"}
2026-07-14T09:12:34.990Z	[35mDEBUG[0m	Schema updated from 1.6 to 1.7	{"logging-call-at": "/home/runner/work/temporal/temporal/tools/common/schema/updatetask.go:125"}
2026-07-14T09:12:34.990Z	[35mDEBUG[0m	---- Executing updates for version 1.8 ----	{"logging-call-at": "/home/runner/work/temporal/temporal/tools/common/schema/updatetask.go:133"}
2026-07-14T09:12:34.990Z	[35mDEBUG[0m	DROP TABLE tiered_storage_tasks;	{"logging-call-at": "/home/runner/work/temporal/temporal/tools/common/schema/updatetask.go:135"}
2026-07-14T09:12:34.994Z	[35mDEBUG[0m	ALTER TABLE current_executions MODIFY COLUMN create_request_id VARCHAR(255);	{"logging-call-at": "/home/runner/work/temporal/temporal/tools/common/schema/updatetask.go:135"}
2026-07-14T09:12:35.003Z	[35mDEBUG[0m	ALTER TABLE signals_requested_sets MODIFY COLUMN signal_id VARCHAR(255);	{"logging-call-at": "/home/runner/work/temporal/temporal/tools/common/schema/updatetask.go:135"}
2026-07-14T09:12:35.006Z	[35mDEBUG[0m	---- Done ----	{"logging-call-at": "/home/runner/work/temporal/temporal/tools/common/schema/updatetask.go:152"}
2026-07-14T09:12:35.008Z	[35mDEBUG[0m	Schema updated from 1.7 to 1.8	{"logging-call-at": "/home/runner/work/temporal/temporal/tools/common/schema/updatetask.go:125"}
2026-07-14T09:12:35.008Z	[35mDEBUG[0m	---- Executing updates for version 1.9 ----	{"logging-call-at": "/home/runner/work/temporal/temporal/tools/common/schema/updatetask.go:133"}
2026-07-14T09:12:35.008Z	[35mDEBUG[0m	CREATE TABLE history_immediate_tasks( shard_id INT NOT NULL, category_id INT NOT NULL, task_id BIGINT NOT NULL, data MEDIUMBLOB NOT NULL, data_encoding VARCHAR(16) NOT NULL, PRIMARY KEY (shard_id, category_id, task_id) );	{"logging-call-at": "/home/runner/work/temporal/temporal/tools/common/schema/updatetask.go:135"}
2026-07-14T09:12:35.015Z	[35mDEBUG[0m	CREATE TABLE history_scheduled_tasks ( shard_id INT NOT NULL, category_id INT NOT NULL, visibility_timestamp DATETIME(6) NOT NULL, task_id BIGINT NOT NULL, data MEDIUMBLOB NOT NULL, data_encoding VARCHAR(16) NOT NULL, PRIMARY KEY (shard_id, category_id, visibility_timestamp, task_id) );	{"logging-call-at": "/home/runner/work/temporal/temporal/tools/common/schema/updatetask.go:135"}
2026-07-14T09:12:35.022Z	[35mDEBUG[0m	---- Done ----	{"logging-call-at": "/home/runner/work/temporal/temporal/tools/common/schema/updatetask.go:152"}
2026-07-14T09:12:35.024Z	[35mDEBUG[0m	Schema updated from 1.8 to 1.9	{"logging-call-at": "/home/runner/work/temporal/temporal/tools/common/schema/updatetask.go:125"}
2026-07-14T09:12:35.024Z	[35mDEBUG[0m	---- Executing updates for version 1.10 ----	{"logging-call-at": "/home/runner/work/temporal/temporal/tools/common/schema/updatetask.go:133"}
2026-07-14T09:12:35.024Z	[35mDEBUG[0m	CREATE TABLE task_queue_user_data ( namespace_id BINARY(16) NOT NULL, task_queue_name VARCHAR(255) NOT NULL, data MEDIUMBLOB NOT NULL, data_encoding VARCHAR(16) NOT NULL, version BIGINT NOT NULL, PRIMARY KEY (namespace_id, task_queue_name) );	{"logging-call-at": "/home/runner/work/temporal/temporal/tools/common/schema/updatetask.go:135"}
2026-07-14T09:12:35.045Z	[35mDEBUG[0m	CREATE TABLE build_id_to_task_queue ( namespace_id BINARY(16) NOT NULL, build_id VARCHAR(255) NOT NULL, task_queue_name VARCHAR(255) NOT NULL, PRIMARY KEY (namespace_id, build_id, task_queue_name) );	{"logging-call-at": "/home/runner/work/temporal/temporal/tools/common/schema/updatetask.go:135"}
2026-07-14T09:12:35.052Z	[35mDEBUG[0m	---- Done ----	{"logging-call-at": "/home/runner/work/temporal/temporal/tools/common/schema/updatetask.go:152"}
2026-07-14T09:12:35.058Z	[35mDEBUG[0m	Schema updated from 1.9 to 1.10	{"logging-call-at": "/home/runner/work/temporal/temporal/tools/common/schema/updatetask.go:125"}
2026-07-14T09:12:35.058Z	[35mDEBUG[0m	---- Executing updates for version 1.11 ----	{"logging-call-at": "/home/runner/work/temporal/temporal/tools/common/schema/updatetask.go:133"}
2026-07-14T09:12:35.058Z	[35mDEBUG[0m	CREATE TABLE queues ( queue_type INT NOT NULL, queue_name VARCHAR(255) NOT NULL, metadata_payload MEDIUMBLOB NOT NULL, metadata_encoding VARCHAR(16) NOT NULL, PRIMARY KEY (queue_type, queue_name) );	{"logging-call-at": "/home/runner/work/temporal/temporal/tools/common/schema/updatetask.go:135"}
2026-07-14T09:12:35.063Z	[35mDEBUG[0m	CREATE TABLE queue_messages ( queue_type INT NOT NULL, queue_name VARCHAR(255) NOT NULL, queue_partition BIGINT NOT NULL, message_id BIGINT NOT NULL, message_payload MEDIUMBLOB NOT NULL, message_encoding VARCHAR(16) NOT NULL, PRIMARY KEY ( queue_type, queue_name, queue_partition, message_id ) );	{"logging-call-at": "/home/runner/work/temporal/temporal/tools/common/schema/updatetask.go:135"}
2026-07-14T09:12:35.071Z	[35mDEBUG[0m	---- Done ----	{"logging-call-at": "/home/runner/work/temporal/temporal/tools/common/schema/updatetask.go:152"}
2026-07-14T09:12:35.073Z	[35mDEBUG[0m	Schema updated from 1.10 to 1.11	{"logging-call-at": "/home/runner/work/temporal/temporal/tools/common/schema/updatetask.go:125"}
2026-07-14T09:12:35.073Z	[35mDEBUG[0m	---- Executing updates for version 1.12 ----	{"logging-call-at": "/home/runner/work/temporal/temporal/tools/common/schema/updatetask.go:133"}
2026-07-14T09:12:35.073Z	[35mDEBUG[0m	CREATE TABLE nexus_incoming_services ( service_id BINARY(16) NOT NULL, data MEDIUMBLOB NOT NULL, data_encoding VARCHAR(16) NOT NULL, version BIGINT NOT NULL, PRIMARY KEY (service_id) );	{"logging-call-at": "/home/runner/work/temporal/temporal/tools/common/schema/updatetask.go:135"}
2026-07-14T09:12:35.080Z	[35mDEBUG[0m	CREATE TABLE nexus_incoming_services_partition_status ( id INT NOT NULL DEFAULT 0 CHECK (id = 0), version BIGINT NOT NULL, PRIMARY KEY (id) );	{"logging-call-at": "/home/runner/work/temporal/temporal/tools/common/schema/updatetask.go:135"}
2026-07-14T09:12:35.085Z	[35mDEBUG[0m	---- Done ----	{"logging-call-at": "/home/runner/work/temporal/temporal/tools/common/schema/updatetask.go:152"}
2026-07-14T09:12:35.087Z	[35mDEBUG[0m	Schema updated from 1.11 to 1.12	{"logging-call-at": "/home/runner/work/temporal/temporal/tools/common/schema/updatetask.go:125"}
2026-07-14T09:12:35.087Z	[35mDEBUG[0m	---- Executing updates for version 1.13 ----	{"logging-call-at": "/home/runner/work/temporal/temporal/tools/common/schema/updatetask.go:133"}
2026-07-14T09:12:35.087Z	[35mDEBUG[0m	DROP TABLE nexus_incoming_services;	{"logging-call-at": "/home/runner/work/temporal/temporal/tools/common/schema/updatetask.go:135"}
2026-07-14T09:12:35.090Z	[35mDEBUG[0m	DROP TABLE nexus_incoming_services_partition_status;	{"logging-call-at": "/home/runner/work/temporal/temporal/tools/common/schema/updatetask.go:135"}
2026-07-14T09:12:35.094Z	[35mDEBUG[0m	CREATE TABLE nexus_endpoints ( id BINARY(16) NOT NULL, data MEDIUMBLOB NOT NULL, data_encoding VARCHAR(16) NOT NULL, version BIGINT NOT NULL, PRIMARY KEY (id) );	{"logging-call-at": "/home/runner/work/temporal/temporal/tools/common/schema/updatetask.go:135"}
2026-07-14T09:12:35.098Z	[35mDEBUG[0m	CREATE TABLE nexus_endpoints_partition_status ( id INT NOT NULL DEFAULT 0 CHECK (id = 0), version BIGINT NOT NULL, PRIMARY KEY (id) );	{"logging-call-at": "/home/runner/work/temporal/temporal/tools/common/schema/updatetask.go:135"}
2026-07-14T09:12:35.105Z	[35mDEBUG[0m	---- Done ----	{"logging-call-at": "/home/runner/work/temporal/temporal/tools/common/schema/updatetask.go:152"}
2026-07-14T09:12:35.107Z	[35mDEBUG[0m	Schema updated from 1.12 to 1.13	{"logging-call-at": "/home/runner/work/temporal/temporal/tools/common/schema/updatetask.go:125"}
2026-07-14T09:12:35.107Z	[35mDEBUG[0m	---- Executing updates for version 1.14 ----	{"logging-call-at": "/home/runner/work/temporal/temporal/tools/common/schema/updatetask.go:133"}
2026-07-14T09:12:35.107Z	[35mDEBUG[0m	ALTER TABLE current_executions ADD COLUMN start_time DATETIME(6) NULL;	{"logging-call-at": "/home/runner/work/temporal/temporal/tools/common/schema/updatetask.go:135"}
2026-07-14T09:12:35.118Z	[35mDEBUG[0m	---- Done ----	{"logging-call-at": "/home/runner/work/temporal/temporal/tools/common/schema/updatetask.go:152"}
2026-07-14T09:12:35.119Z	[35mDEBUG[0m	Schema updated from 1.13 to 1.14	{"logging-call-at": "/home/runner/work/temporal/temporal/tools/common/schema/updatetask.go:125"}
2026-07-14T09:12:35.119Z	[35mDEBUG[0m	---- Executing updates for version 1.15 ----	{"logging-call-at": "/home/runner/work/temporal/temporal/tools/common/schema/updatetask.go:133"}
2026-07-14T09:12:35.119Z	[35mDEBUG[0m	ALTER TABLE current_executions ADD COLUMN data MEDIUMBLOB NULL, ADD COLUMN data_encoding VARCHAR(16) NULL;	{"logging-call-at": "/home/runner/work/temporal/temporal/tools/common/schema/updatetask.go:135"}
2026-07-14T09:12:35.133Z	[35mDEBUG[0m	---- Done ----	{"logging-call-at": "/home/runner/work/temporal/temporal/tools/common/schema/updatetask.go:152"}
2026-07-14T09:12:35.134Z	[35mDEBUG[0m	Schema updated from 1.14 to 1.15	{"logging-call-at": "/home/runner/work/temporal/temporal/tools/common/schema/updatetask.go:125"}
2026-07-14T09:12:35.134Z	[35mDEBUG[0m	---- Executing updates for version 1.16 ----	{"logging-call-at": "/home/runner/work/temporal/temporal/tools/common/schema/updatetask.go:133"}
2026-07-14T09:12:35.134Z	[35mDEBUG[0m	ALTER TABLE current_executions DROP COLUMN data_encoding;	{"logging-call-at": "/home/runner/work/temporal/temporal/tools/common/schema/updatetask.go:135"}
2026-07-14T09:12:35.145Z	[35mDEBUG[0m	ALTER TABLE current_executions ADD COLUMN data_encoding VARCHAR(16) NOT NULL DEFAULT '';	{"logging-call-at": "/home/runner/work/temporal/temporal/tools/common/schema/updatetask.go:135"}
2026-07-14T09:12:35.156Z	[35mDEBUG[0m	---- Done ----	{"logging-call-at": "/home/runner/work/temporal/temporal/tools/common/schema/updatetask.go:152"}
2026-07-14T09:12:35.158Z	[35mDEBUG[0m	Schema updated from 1.15 to 1.16	{"logging-call-at": "/home/runner/work/temporal/temporal/tools/common/schema/updatetask.go:125"}
2026-07-14T09:12:35.158Z	[35mDEBUG[0m	---- Executing updates for version 1.17 ----	{"logging-call-at": "/home/runner/work/temporal/temporal/tools/common/schema/updatetask.go:133"}
2026-07-14T09:12:35.158Z	[35mDEBUG[0m	CREATE TABLE chasm_node_maps ( shard_id INT NOT NULL, namespace_id BINARY(16) NOT NULL, workflow_id VARCHAR(255) NOT NULL, run_id BINARY(16) NOT NULL, chasm_path VARBINARY(1536) NOT NULL, metadata MEDIUMBLOB NOT NULL, metadata_encoding VARCHAR(16), data MEDIUMBLOB, data_encoding VARCHAR(16), PRIMARY KEY (shard_id, namespace_id, workflow_id, run_id, chasm_path) );	{"logging-call-at": "/home/runner/work/temporal/temporal/tools/common/schema/updatetask.go:135"}
2026-07-14T09:12:35.169Z	[35mDEBUG[0m	---- Done ----	{"logging-call-at": "/home/runner/work/temporal/temporal/tools/common/schema/updatetask.go:152"}
2026-07-14T09:12:35.170Z	[35mDEBUG[0m	Schema updated from 1.16 to 1.17	{"logging-call-at": "/home/runner/work/temporal/temporal/tools/common/schema/updatetask.go:125"}
2026-07-14T09:12:35.170Z	[35mDEBUG[0m	---- Executing updates for version 1.18 ----	{"logging-call-at": "/home/runner/work/temporal/temporal/tools/common/schema/updatetask.go:133"}
2026-07-14T09:12:35.170Z	[35mDEBUG[0m	CREATE TABLE tasks_v2 ( range_hash INT UNSIGNED NOT NULL, task_queue_id VARBINARY(272) NOT NULL, pass BIGINT NOT NULL, task_id BIGINT NOT NULL, data MEDIUMBLOB NOT NULL, data_encoding VARCHAR(16) NOT NULL, PRIMARY KEY (range_hash, task_queue_id, pass, task_id) );	{"logging-call-at": "/home/runner/work/temporal/temporal/tools/common/schema/updatetask.go:135"}
2026-07-14T09:12:35.179Z	[35mDEBUG[0m	CREATE TABLE task_queues_v2 ( range_hash INT UNSIGNED NOT NULL, task_queue_id VARBINARY(272) NOT NULL, range_id BIGINT NOT NULL, data MEDIUMBLOB NOT NULL, data_encoding VARCHAR(16) NOT NULL, PRIMARY KEY (range_hash, task_queue_id) );	{"logging-call-at": "/home/runner/work/temporal/temporal/tools/common/schema/updatetask.go:135"}
2026-07-14T09:12:35.184Z	[35mDEBUG[0m	---- Done ----	{"logging-call-at": "/home/runner/work/temporal/temporal/tools/common/schema/updatetask.go:152"}
2026-07-14T09:12:35.186Z	[35mDEBUG[0m	Schema updated from 1.17 to 1.18	{"logging-call-at": "/home/runner/work/temporal/temporal/tools/common/schema/updatetask.go:125"}
2026-07-14T09:12:35.186Z	[35mDEBUG[0m	---- Executing updates for version 1.19 ----	{"logging-call-at": "/home/runner/work/temporal/temporal/tools/common/schema/updatetask.go:133"}
2026-07-14T09:12:35.186Z	[35mDEBUG[0m	CREATE TABLE current_chasm_executions( shard_id INT NOT NULL, namespace_id BINARY(16) NOT NULL, business_id VARCHAR(255) NOT NULL, archetype_id INT UNSIGNED NOT NULL, run_id BINARY(16) NOT NULL, create_request_id VARCHAR(255) NOT NULL, state INT NOT NULL, status INT NOT NULL, start_version BIGINT NOT NULL DEFAULT 0, start_time DATETIME(6), last_write_version BIGINT NOT NULL, data MEDIUMBLOB NULL, data_encoding VARCHAR(16) NOT NULL DEFAULT '', PRIMARY KEY (shard_id, namespace_id, business_id, archetype_id) );	{"logging-call-at": "/home/runner/work/temporal/temporal/tools/common/schema/updatetask.go:135"}
2026-07-14T09:12:35.193Z	[35mDEBUG[0m	---- Done ----	{"logging-call-at": "/home/runner/work/temporal/temporal/tools/common/schema/updatetask.go:152"}
2026-07-14T09:12:35.194Z	[35mDEBUG[0m	Schema updated from 1.18 to 1.19	{"logging-call-at": "/home/runner/work/temporal/temporal/tools/common/schema/updatetask.go:125"}
2026-07-14T09:12:35.194Z	[34mINFO[0m	UpdateSchemaTask done	{"logging-call-at": "/home/runner/work/temporal/temporal/tools/common/schema/updatetask.go:103"}
2026-07-14T09:12:35.386Z	[34mINFO[0m	UpdateSchemaTask started	{"config": {"DBName":"","TargetVersion":"","SchemaDir":"/etc/temporal/schema/mysql/v8/visibility/versioned","SchemaName":"","IsDryRun":false}, "logging-call-at": "/home/runner/work/temporal/temporal/tools/common/schema/updatetask.go:80"}
2026-07-14T09:12:35.386Z	[35mDEBUG[0m	Schema Dirs: [v1.0 v1.1 v1.2 v1.3 v1.4 v1.5 v1.6 v1.7 v1.8 v1.9 v1.10 v1.11 v1.12 v1.13 v1.14]	{"logging-call-at": "/home/runner/work/temporal/temporal/tools/common/schema/updatetask.go:188"}
2026-07-14T09:12:35.387Z	[34mINFO[0m	Processing schema file: v1.0/schema.sql	{"logging-call-at": "/home/runner/work/temporal/temporal/tools/common/schema/updatetask.go:232"}
2026-07-14T09:12:35.387Z	[34mINFO[0m	Processing schema file: v1.1/index.sql	{"logging-call-at": "/home/runner/work/temporal/temporal/tools/common/schema/updatetask.go:232"}
2026-07-14T09:12:35.387Z	[34mINFO[0m	Processing schema file: v1.2/advanced_visibility.sql	{"logging-call-at": "/home/runner/work/temporal/temporal/tools/common/schema/updatetask.go:232"}
2026-07-14T09:12:35.387Z	[34mINFO[0m	Processing schema file: v1.3/add_history_size_bytes.sql	{"logging-call-at": "/home/runner/work/temporal/temporal/tools/common/schema/updatetask.go:232"}
2026-07-14T09:12:35.387Z	[34mINFO[0m	Processing schema file: v1.3/add_build_ids_search_attribute.sql	{"logging-call-at": "/home/runner/work/temporal/temporal/tools/common/schema/updatetask.go:232"}
2026-07-14T09:12:35.387Z	[34mINFO[0m	Processing schema file: v1.4/add_execution_duration.sql	{"logging-call-at": "/home/runner/work/temporal/temporal/tools/common/schema/updatetask.go:232"}
2026-07-14T09:12:35.387Z	[34mINFO[0m	Processing schema file: v1.4/add_state_transition_count.sql	{"logging-call-at": "/home/runner/work/temporal/temporal/tools/common/schema/updatetask.go:232"}
2026-07-14T09:12:35.387Z	[34mINFO[0m	Processing schema file: v1.4/add_parent_workflow_info.sql	{"logging-call-at": "/home/runner/work/temporal/temporal/tools/common/schema/updatetask.go:232"}
2026-07-14T09:12:35.387Z	[34mINFO[0m	Processing schema file: v1.5/add_root_workflow_info.sql	{"logging-call-at": "/home/runner/work/temporal/temporal/tools/common/schema/updatetask.go:232"}
2026-07-14T09:12:35.387Z	[34mINFO[0m	Processing schema file: v1.6/fix_root_workflow_info.sql	{"logging-call-at": "/home/runner/work/temporal/temporal/tools/common/schema/updatetask.go:232"}
2026-07-14T09:12:35.387Z	[34mINFO[0m	Processing schema file: v1.7/add_pause_info_search_attribute.sql	{"logging-call-at": "/home/runner/work/temporal/temporal/tools/common/schema/updatetask.go:232"}
2026-07-14T09:12:35.387Z	[34mINFO[0m	Processing schema file: v1.8/add_deployment_search_attributes.sql	{"logging-call-at": "/home/runner/work/temporal/temporal/tools/common/schema/updatetask.go:232"}
2026-07-14T09:12:35.387Z	[34mINFO[0m	Processing schema file: v1.9/add_version_column.sql	{"logging-call-at": "/home/runner/work/temporal/temporal/tools/common/schema/updatetask.go:232"}
2026-07-14T09:12:35.387Z	[34mINFO[0m	Processing schema file: v1.10/add_temporal_reported_problems.sql	{"logging-call-at": "/home/runner/work/temporal/temporal/tools/common/schema/updatetask.go:232"}
2026-07-14T09:12:35.387Z	[34mINFO[0m	Processing schema file: v1.11/add_chasm_search_attributes.sql	{"logging-call-at": "/home/runner/work/temporal/temporal/tools/common/schema/updatetask.go:232"}
2026-07-14T09:12:35.387Z	[34mINFO[0m	Processing schema file: v1.12/add_low_cardinality_keyword.sql	{"logging-call-at": "/home/runner/work/temporal/temporal/tools/common/schema/updatetask.go:232"}
2026-07-14T09:12:35.387Z	[34mINFO[0m	Processing schema file: v1.13/add_used_deployment_versions_search_attribute.sql	{"logging-call-at": "/home/runner/work/temporal/temporal/tools/common/schema/updatetask.go:232"}
2026-07-14T09:12:35.388Z	[34mINFO[0m	Processing schema file: v1.14/add_external_payload_size_and_count_search_attributes.sql	{"logging-call-at": "/home/runner/work/temporal/temporal/tools/common/schema/updatetask.go:232"}
2026-07-14T09:12:35.388Z	[35mDEBUG[0m	running 15 updates for current version 0.0	{"logging-call-at": "/home/runner/work/temporal/temporal/tools/common/schema/updatetask.go:114"}
2026-07-14T09:12:35.388Z	[35mDEBUG[0m	---- Executing updates for version 1.0 ----	{"logging-call-at": "/home/runner/work/temporal/temporal/tools/common/schema/updatetask.go:133"}
2026-07-14T09:12:35.388Z	[35mDEBUG[0m	CREATE TABLE executions_visibility ( namespace_id CHAR(64) NOT NULL, run_id CHAR(64) NOT NULL, start_time DATETIME(6) NOT NULL, execution_time DATETIME(6) NOT NULL, workflow_id VARCHAR(255) NOT NULL, workflow_type_name VARCHAR(255) NOT NULL, status INT NOT NULL, close_time DATETIME(6) NULL, history_length BIGINT, memo BLOB, encoding VARCHAR(64) NOT NULL, task_queue VARCHAR(255) DEFAULT '' NOT NULL, PRIMARY KEY (namespace_id, run_id) );	{"logging-call-at": "/home/runner/work/temporal/temporal/tools/common/schema/updatetask.go:135"}
2026-07-14T09:12:35.395Z	[35mDEBUG[0m	CREATE INDEX by_type_start_time ON executions_visibility (namespace_id, workflow_type_name, status, start_time DESC, run_id);	{"logging-call-at": "/home/runner/work/temporal/temporal/tools/common/schema/updatetask.go:135"}
2026-07-14T09:12:35.400Z	[35mDEBUG[0m	CREATE INDEX by_workflow_id_start_time ON executions_visibility (namespace_id, workflow_id, status, start_time DESC, run_id);	{"logging-call-at": "/home/runner/work/temporal/temporal/tools/common/schema/updatetask.go:135"}
2026-07-14T09:12:35.405Z	[35mDEBUG[0m	CREATE INDEX by_status_by_start_time ON executions_visibility (namespace_id, status, start_time DESC, run_id);	{"logging-call-at": "/home/runner/work/temporal/temporal/tools/common/schema/updatetask.go:135"}
2026-07-14T09:12:35.408Z	[35mDEBUG[0m	CREATE INDEX by_type_close_time ON executions_visibility (namespace_id, workflow_type_name, status, close_time DESC, run_id);	{"logging-call-at": "/home/runner/work/temporal/temporal/tools/common/schema/updatetask.go:135"}
2026-07-14T09:12:35.413Z	[35mDEBUG[0m	CREATE INDEX by_workflow_id_close_time ON executions_visibility (namespace_id, workflow_id, status, close_time DESC, run_id);	{"logging-call-at": "/home/runner/work/temporal/temporal/tools/common/schema/updatetask.go:135"}
2026-07-14T09:12:35.418Z	[35mDEBUG[0m	CREATE INDEX by_status_by_close_time ON executions_visibility (namespace_id, status, close_time DESC, run_id);	{"logging-call-at": "/home/runner/work/temporal/temporal/tools/common/schema/updatetask.go:135"}
2026-07-14T09:12:35.423Z	[35mDEBUG[0m	---- Done ----	{"logging-call-at": "/home/runner/work/temporal/temporal/tools/common/schema/updatetask.go:152"}
2026-07-14T09:12:35.425Z	[35mDEBUG[0m	Schema updated from 0.0 to 1.0	{"logging-call-at": "/home/runner/work/temporal/temporal/tools/common/schema/updatetask.go:125"}
2026-07-14T09:12:35.425Z	[35mDEBUG[0m	---- Executing updates for version 1.1 ----	{"logging-call-at": "/home/runner/work/temporal/temporal/tools/common/schema/updatetask.go:133"}
2026-07-14T09:12:35.425Z	[35mDEBUG[0m	CREATE INDEX by_close_time_by_status ON executions_visibility (namespace_id, close_time DESC, run_id, status);	{"logging-call-at": "/home/runner/work/temporal/temporal/tools/common/schema/updatetask.go:135"}
2026-07-14T09:12:35.432Z	[35mDEBUG[0m	---- Done ----	{"logging-call-at": "/home/runner/work/temporal/temporal/tools/common/schema/updatetask.go:152"}
2026-07-14T09:12:35.434Z	[35mDEBUG[0m	Schema updated from 1.0 to 1.1	{"logging-call-at": "/home/runner/work/temporal/temporal/tools/common/schema/updatetask.go:125"}
2026-07-14T09:12:35.434Z	[35mDEBUG[0m	---- Executing updates for version 1.2 ----	{"logging-call-at": "/home/runner/work/temporal/temporal/tools/common/schema/updatetask.go:133"}
2026-07-14T09:12:35.434Z	[35mDEBUG[0m	ALTER TABLE executions_visibility ADD COLUMN search_attributes JSON NULL, ADD COLUMN TemporalChangeVersion JSON GENERATED ALWAYS AS (search_attributes->"$.TemporalChangeVersion"), ADD COLUMN BinaryChecksums JSON GENERATED ALWAYS AS (search_attributes->"$.BinaryChecksums"), ADD COLUMN BatcherUser VARCHAR(255) GENERATED ALWAYS AS (search_attributes->>"$.BatcherUser"), ADD COLUMN TemporalScheduledStartTime DATETIME(6) GENERATED ALWAYS AS ( CONVERT_TZ( REGEXP_REPLACE(search_attributes->>"$.TemporalScheduledStartTime", 'Z|[+-][0-9]{2}:[0-9]{2}$', ''), SUBSTR(REPLACE(search_attributes->>"$.TemporalScheduledStartTime", 'Z', '+00:00'), -6, 6), '+00:00' ) ), ADD COLUMN TemporalScheduledById VARCHAR(255) GENERATED ALWAYS AS (search_attributes->>"$.TemporalScheduledById"), ADD COLUMN TemporalSchedulePaused BOOLEAN GENERATED ALWAYS AS (search_attributes->"$.TemporalSchedulePaused"), ADD COLUMN TemporalNamespaceDivision VARCHAR(255) GENERATED ALWAYS AS (search_attributes->>"$.TemporalNamespaceDivision");	{"logging-call-at": "/home/runner/work/temporal/temporal/tools/common/schema/updatetask.go:135"}
2026-07-14T09:12:35.456Z	[35mDEBUG[0m	DROP INDEX by_type_start_time ON executions_visibility;	{"logging-call-at": "/home/runner/work/temporal/temporal/tools/common/schema/updatetask.go:135"}
2026-07-14T09:12:35.468Z	[35mDEBUG[0m	DROP INDEX by_workflow_id_start_time ON executions_visibility;	{"logging-call-at": "/home/runner/work/temporal/temporal/tools/common/schema/updatetask.go:135"}
2026-07-14T09:12:35.470Z	[35mDEBUG[0m	DROP INDEX by_status_by_start_time ON executions_visibility;	{"logging-call-at": "/home/runner/work/temporal/temporal/tools/common/schema/updatetask.go:135"}
2026-07-14T09:12:35.474Z	[35mDEBUG[0m	DROP INDEX by_type_close_time ON executions_visibility;	{"logging-call-at": "/home/runner/work/temporal/temporal/tools/common/schema/updatetask.go:135"}
2026-07-14T09:12:35.477Z	[35mDEBUG[0m	DROP INDEX by_workflow_id_close_time ON executions_visibility;	{"logging-call-at": "/home/runner/work/temporal/temporal/tools/common/schema/updatetask.go:135"}
2026-07-14T09:12:35.482Z	[35mDEBUG[0m	DROP INDEX by_status_by_close_time ON executions_visibility;	{"logging-call-at": "/home/runner/work/temporal/temporal/tools/common/schema/updatetask.go:135"}
2026-07-14T09:12:35.486Z	[35mDEBUG[0m	DROP INDEX by_close_time_by_status ON executions_visibility;	{"logging-call-at": "/home/runner/work/temporal/temporal/tools/common/schema/updatetask.go:135"}
2026-07-14T09:12:35.492Z	[35mDEBUG[0m	CREATE INDEX default_idx ON executions_visibility (namespace_id, (COALESCE(close_time, CAST('9999-12-31 23:59:59' AS DATETIME))) DESC, start_time DESC, run_id);	{"logging-call-at": "/home/runner/work/temporal/temporal/tools/common/schema/updatetask.go:135"}
2026-07-14T09:12:35.498Z	[35mDEBUG[0m	CREATE INDEX by_execution_time ON executions_visibility (namespace_id, execution_time, (COALESCE(close_time, CAST('9999-12-31 23:59:59' AS DATETIME))) DESC, start_time DESC, run_id);	{"logging-call-at": "/home/runner/work/temporal/temporal/tools/common/schema/updatetask.go:135"}
2026-07-14T09:12:35.514Z	[35mDEBUG[0m	CREATE INDEX by_workflow_id ON executions_visibility (namespace_id, workflow_id, (COALESCE(close_time, CAST('9999-12-31 23:59:59' AS DATETIME))) DESC, start_time DESC, run_id);	{"logging-call-at": "/home/runner/work/temporal/temporal/tools/common/schema/updatetask.go:135"}
2026-07-14T09:12:35.532Z	[35mDEBUG[0m	CREATE INDEX by_workflow_type ON executions_visibility (namespace_id, workflow_type_name, (COALESCE(close_time, CAST('9999-12-31 23:59:59' AS DATETIME))) DESC, start_time DESC, run_id);	{"logging-call-at": "/home/runner/work/temporal/temporal/tools/common/schema/updatetask.go:135"}
2026-07-14T09:12:35.555Z	[35mDEBUG[0m	CREATE INDEX by_status ON executions_visibility (namespace_id, status, (COALESCE(close_time, CAST('9999-12-31 23:59:59' AS DATETIME))) DESC, start_time DESC, run_id);	{"logging-call-at": "/home/runner/work/temporal/temporal/tools/common/schema/updatetask.go:135"}
2026-07-14T09:12:35.578Z	[35mDEBUG[0m	CREATE INDEX by_history_length ON executions_visibility (namespace_id, history_length, (COALESCE(close_time, CAST('9999-12-31 23:59:59' AS DATETIME))) DESC, start_time DESC, run_id);	{"logging-call-at": "/home/runner/work/temporal/temporal/tools/common/schema/updatetask.go:135"}
2026-07-14T09:12:35.599Z	[35mDEBUG[0m	CREATE INDEX by_task_queue ON executions_visibility (namespace_id, task_queue, (COALESCE(close_time, CAST('9999-12-31 23:59:59' AS DATETIME))) DESC, start_time DESC, run_id);	{"logging-call-at": "/home/runner/work/temporal/temporal/tools/common/schema/updatetask.go:135"}
2026-07-14T09:12:35.626Z	[35mDEBUG[0m	CREATE INDEX by_temporal_change_version ON executions_visibility (namespace_id, (CAST(TemporalChangeVersion AS CHAR(255) ARRAY)), (COALESCE(close_time, CAST('9999-12-31 23:59:59' AS DATETIME))) DESC, start_time DESC, run_id);	{"logging-call-at": "/home/runner/work/temporal/temporal/tools/common/schema/updatetask.go:135"}
2026-07-14T09:12:35.652Z	[35mDEBUG[0m	CREATE INDEX by_binary_checksums ON executions_visibility (namespace_id, (CAST(BinaryChecksums AS CHAR(255) ARRAY)), (COALESCE(close_time, CAST('9999-12-31 23:59:59' AS DATETIME))) DESC, start_time DESC, run_id);	{"logging-call-at": "/home/runner/work/temporal/temporal/tools/common/schema/updatetask.go:135"}
2026-07-14T09:12:35.679Z	[35mDEBUG[0m	CREATE INDEX by_batcher_user ON executions_visibility (namespace_id, BatcherUser, (COALESCE(close_time, CAST('9999-12-31 23:59:59' AS DATETIME))) DESC, start_time DESC, run_id);	{"logging-call-at": "/home/runner/work/temporal/temporal/tools/common/schema/updatetask.go:135"}
2026-07-14T09:12:35.710Z	[35mDEBUG[0m	CREATE INDEX by_temporal_scheduled_start_time ON executions_visibility (namespace_id, TemporalScheduledStartTime, (COALESCE(close_time, CAST('9999-12-31 23:59:59' AS DATETIME))) DESC, start_time DESC, run_id);	{"logging-call-at": "/home/runner/work/temporal/temporal/tools/common/schema/updatetask.go:135"}
2026-07-14T09:12:35.744Z	[35mDEBUG[0m	CREATE INDEX by_temporal_scheduled_by_id ON executions_visibility (namespace_id, TemporalScheduledById, (COALESCE(close_time, CAST('9999-12-31 23:59:59' AS DATETIME))) DESC, start_time DESC, run_id);	{"logging-call-at": "/home/runner/work/temporal/temporal/tools/common/schema/updatetask.go:135"}
2026-07-14T09:12:35.778Z	[35mDEBUG[0m	CREATE INDEX by_temporal_schedule_paused ON executions_visibility (namespace_id, TemporalSchedulePaused, (COALESCE(close_time, CAST('9999-12-31 23:59:59' AS DATETIME))) DESC, start_time DESC, run_id);	{"logging-call-at": "/home/runner/work/temporal/temporal/tools/common/schema/updatetask.go:135"}
2026-07-14T09:12:35.815Z	[35mDEBUG[0m	CREATE INDEX by_temporal_namespace_division ON executions_visibility (namespace_id, TemporalNamespaceDivision, (COALESCE(close_time, CAST('9999-12-31 23:59:59' AS DATETIME))) DESC, start_time DESC, run_id);	{"logging-call-at": "/home/runner/work/temporal/temporal/tools/common/schema/updatetask.go:135"}
2026-07-14T09:12:35.854Z	[35mDEBUG[0m	CREATE TABLE custom_search_attributes ( namespace_id CHAR(64) NOT NULL, run_id CHAR(64) NOT NULL, search_attributes JSON NULL, Bool01 BOOLEAN GENERATED ALWAYS AS (search_attributes->"$.Bool01"), Bool02 BOOLEAN GENERATED ALWAYS AS (search_attributes->"$.Bool02"), Bool03 BOOLEAN GENERATED ALWAYS AS (search_attributes->"$.Bool03"), Datetime01 DATETIME(6) GENERATED ALWAYS AS ( CONVERT_TZ( REGEXP_REPLACE(search_attributes->>"$.Datetime01", 'Z|[+-][0-9]{2}:[0-9]{2}$', ''), SUBSTR(REPLACE(search_attributes->>"$.Datetime01", 'Z', '+00:00'), -6, 6), '+00:00' ) ), Datetime02 DATETIME(6) GENERATED ALWAYS AS ( CONVERT_TZ( REGEXP_REPLACE(search_attributes->>"$.Datetime02", 'Z|[+-][0-9]{2}:[0-9]{2}$', ''), SUBSTR(REPLACE(search_attributes->>"$.Datetime02", 'Z', '+00:00'), -6, 6), '+00:00' ) ), Datetime03 DATETIME(6) GENERATED ALWAYS AS ( CONVERT_TZ( REGEXP_REPLACE(search_attributes->>"$.Datetime03", 'Z|[+-][0-9]{2}:[0-9]{2}$', ''), SUBSTR(REPLACE(search_attributes->>"$.Datetime03", 'Z', '+00:00'), -6, 6), '+00:00' ) ), Double01 DECIMAL(20, 5) GENERATED ALWAYS AS (search_attributes->"$.Double01"), Double02 DECIMAL(20, 5) GENERATED ALWAYS AS (search_attributes->"$.Double02"), Double03 DECIMAL(20, 5) GENERATED ALWAYS AS (search_attributes->"$.Double03"), Int01 BIGINT GENERATED ALWAYS AS (search_attributes->"$.Int01"), Int02 BIGINT GENERATED ALWAYS AS (search_attributes->"$.Int02"), Int03 BIGINT GENERATED ALWAYS AS (search_attributes->"$.Int03"), Keyword01 VARCHAR(255) GENERATED ALWAYS AS (search_attributes->>"$.Keyword01"), Keyword02 VARCHAR(255) GENERATED ALWAYS AS (search_attributes->>"$.Keyword02"), Keyword03 VARCHAR(255) GENERATED ALWAYS AS (search_attributes->>"$.Keyword03"), Keyword04 VARCHAR(255) GENERATED ALWAYS AS (search_attributes->>"$.Keyword04"), Keyword05 VARCHAR(255) GENERATED ALWAYS AS (search_attributes->>"$.Keyword05"), Keyword06 VARCHAR(255) GENERATED ALWAYS AS (search_attributes->>"$.Keyword06"), Keyword07 VARCHAR(255) GENERATED ALWAYS AS (search_attributes->>"$.Keyword07"), Keyword08 VARCHAR(255) GENERATED ALWAYS AS (search_attributes->>"$.Keyword08"), Keyword09 VARCHAR(255) GENERATED ALWAYS AS (search_attributes->>"$.Keyword09"), Keyword10 VARCHAR(255) GENERATED ALWAYS AS (search_attributes->>"$.Keyword10"), Text01 TEXT GENERATED ALWAYS AS (search_attributes->>"$.Text01") STORED, Text02 TEXT GENERATED ALWAYS AS (search_attributes->>"$.Text02") STORED, Text03 TEXT GENERATED ALWAYS AS (search_attributes->>"$.Text03") STORED, KeywordList01 JSON GENERATED ALWAYS AS (search_attributes->"$.KeywordList01"), KeywordList02 JSON GENERATED ALWAYS AS (search_attributes->"$.KeywordList02"), KeywordList03 JSON GENERATED ALWAYS AS (search_attributes->"$.KeywordList03"), PRIMARY KEY (namespace_id, run_id) );	{"logging-call-at": "/home/runner/work/temporal/temporal/tools/common/schema/updatetask.go:135"}
2026-07-14T09:12:35.863Z	[35mDEBUG[0m	CREATE INDEX by_bool_01 ON custom_search_attributes (namespace_id, Bool01);	{"logging-call-at": "/home/runner/work/temporal/temporal/tools/common/schema/updatetask.go:135"}
2026-07-14T09:12:35.868Z	[35mDEBUG[0m	CREATE INDEX by_bool_02 ON custom_search_attributes (namespace_id, Bool02);	{"logging-call-at": "/home/runner/work/temporal/temporal/tools/common/schema/updatetask.go:135"}
2026-07-14T09:12:35.874Z	[35mDEBUG[0m	CREATE INDEX by_bool_03 ON custom_search_attributes (namespace_id, Bool03);	{"logging-call-at": "/home/runner/work/temporal/temporal/tools/common/schema/updatetask.go:135"}
2026-07-14T09:12:35.879Z	[35mDEBUG[0m	CREATE INDEX by_datetime_01 ON custom_search_attributes (namespace_id, Datetime01);	{"logging-call-at": "/home/runner/work/temporal/temporal/tools/common/schema/updatetask.go:135"}
2026-07-14T09:12:35.884Z	[35mDEBUG[0m	CREATE INDEX by_datetime_02 ON custom_search_attributes (namespace_id, Datetime02);	{"logging-call-at": "/home/runner/work/temporal/temporal/tools/common/schema/updatetask.go:135"}
2026-07-14T09:12:35.891Z	[35mDEBUG[0m	CREATE INDEX by_datetime_03 ON custom_search_attributes (namespace_id, Datetime03);	{"logging-call-at": "/home/runner/work/temporal/temporal/tools/common/schema/updatetask.go:135"}
2026-07-14T09:12:35.897Z	[35mDEBUG[0m	CREATE INDEX by_double_01 ON custom_search_attributes (namespace_id, Double01);	{"logging-call-at": "/home/runner/work/temporal/temporal/tools/common/schema/updatetask.go:135"}
2026-07-14T09:12:35.903Z	[35mDEBUG[0m	CREATE INDEX by_double_02 ON custom_search_attributes (namespace_id, Double02);	{"logging-call-at": "/home/runner/work/temporal/temporal/tools/common/schema/updatetask.go:135"}
2026-07-14T09:12:35.912Z	[35mDEBUG[0m	CREATE INDEX by_double_03 ON custom_search_attributes (namespace_id, Double03);	{"logging-call-at": "/home/runner/work/temporal/temporal/tools/common/schema/updatetask.go:135"}
2026-07-14T09:12:35.917Z	[35mDEBUG[0m	CREATE INDEX by_int_01 ON custom_search_attributes (namespace_id, Int01);	{"logging-call-at": "/home/runner/work/temporal/temporal/tools/common/schema/updatetask.go:135"}
2026-07-14T09:12:35.924Z	[35mDEBUG[0m	CREATE INDEX by_int_02 ON custom_search_attributes (namespace_id, Int02);	{"logging-call-at": "/home/runner/work/temporal/temporal/tools/common/schema/updatetask.go:135"}
2026-07-14T09:12:35.933Z	[35mDEBUG[0m	CREATE INDEX by_int_03 ON custom_search_attributes (namespace_id, Int03);	{"logging-call-at": "/home/runner/work/temporal/temporal/tools/common/schema/updatetask.go:135"}
2026-07-14T09:12:35.941Z	[35mDEBUG[0m	CREATE INDEX by_keyword_01 ON custom_search_attributes (namespace_id, Keyword01);	{"logging-call-at": "/home/runner/work/temporal/temporal/tools/common/schema/updatetask.go:135"}
2026-07-14T09:12:35.949Z	[35mDEBUG[0m	CREATE INDEX by_keyword_02 ON custom_search_attributes (namespace_id, Keyword02);	{"logging-call-at": "/home/runner/work/temporal/temporal/tools/common/schema/updatetask.go:135"}
2026-07-14T09:12:35.954Z	[35mDEBUG[0m	CREATE INDEX by_keyword_03 ON custom_search_attributes (namespace_id, Keyword03);	{"logging-call-at": "/home/runner/work/temporal/temporal/tools/common/schema/updatetask.go:135"}
2026-07-14T09:12:35.962Z	[35mDEBUG[0m	CREATE INDEX by_keyword_04 ON custom_search_attributes (namespace_id, Keyword04);	{"logging-call-at": "/home/runner/work/temporal/temporal/tools/common/schema/updatetask.go:135"}
2026-07-14T09:12:35.970Z	[35mDEBUG[0m	CREATE INDEX by_keyword_05 ON custom_search_attributes (namespace_id, Keyword05);	{"logging-call-at": "/home/runner/work/temporal/temporal/tools/common/schema/updatetask.go:135"}
2026-07-14T09:12:35.975Z	[35mDEBUG[0m	CREATE INDEX by_keyword_06 ON custom_search_attributes (namespace_id, Keyword06);	{"logging-call-at": "/home/runner/work/temporal/temporal/tools/common/schema/updatetask.go:135"}
2026-07-14T09:12:35.984Z	[35mDEBUG[0m	CREATE INDEX by_keyword_07 ON custom_search_attributes (namespace_id, Keyword07);	{"logging-call-at": "/home/runner/work/temporal/temporal/tools/common/schema/updatetask.go:135"}
2026-07-14T09:12:35.990Z	[35mDEBUG[0m	CREATE INDEX by_keyword_08 ON custom_search_attributes (namespace_id, Keyword08);	{"logging-call-at": "/home/runner/work/temporal/temporal/tools/common/schema/updatetask.go:135"}
2026-07-14T09:12:35.997Z	[35mDEBUG[0m	CREATE INDEX by_keyword_09 ON custom_search_attributes (namespace_id, Keyword09);	{"logging-call-at": "/home/runner/work/temporal/temporal/tools/common/schema/updatetask.go:135"}
2026-07-14T09:12:36.006Z	[35mDEBUG[0m	CREATE INDEX by_keyword_10 ON custom_search_attributes (namespace_id, Keyword10);	{"logging-call-at": "/home/runner/work/temporal/temporal/tools/common/schema/updatetask.go:135"}
2026-07-14T09:12:36.013Z	[35mDEBUG[0m	CREATE FULLTEXT INDEX by_text_01 ON custom_search_attributes (Text01);	{"logging-call-at": "/home/runner/work/temporal/temporal/tools/common/schema/updatetask.go:135"}
2026-07-14T09:12:36.090Z	[35mDEBUG[0m	CREATE FULLTEXT INDEX by_text_02 ON custom_search_attributes (Text02);	{"logging-call-at": "/home/runner/work/temporal/temporal/tools/common/schema/updatetask.go:135"}
2026-07-14T09:12:36.113Z	[35mDEBUG[0m	CREATE FULLTEXT INDEX by_text_03 ON custom_search_attributes (Text03);	{"logging-call-at": "/home/runner/work/temporal/temporal/tools/common/schema/updatetask.go:135"}
2026-07-14T09:12:36.135Z	[35mDEBUG[0m	CREATE INDEX by_keyword_list_01 ON custom_search_attributes (namespace_id, (CAST(KeywordList01 AS CHAR(255) ARRAY)));	{"logging-call-at": "/home/runner/work/temporal/temporal/tools/common/schema/updatetask.go:135"}
2026-07-14T09:12:36.145Z	[35mDEBUG[0m	CREATE INDEX by_keyword_list_02 ON custom_search_attributes (namespace_id, (CAST(KeywordList02 AS CHAR(255) ARRAY)));	{"logging-call-at": "/home/runner/work/temporal/temporal/tools/common/schema/updatetask.go:135"}
2026-07-14T09:12:36.155Z	[35mDEBUG[0m	CREATE INDEX by_keyword_list_03 ON custom_search_attributes (namespace_id, (CAST(KeywordList03 AS CHAR(255) ARRAY)));	{"logging-call-at": "/home/runner/work/temporal/temporal/tools/common/schema/updatetask.go:135"}
2026-07-14T09:12:36.164Z	[35mDEBUG[0m	---- Done ----	{"logging-call-at": "/home/runner/work/temporal/temporal/tools/common/schema/updatetask.go:152"}
2026-07-14T09:12:36.167Z	[35mDEBUG[0m	Schema updated from 1.1 to 1.2	{"logging-call-at": "/home/runner/work/temporal/temporal/tools/common/schema/updatetask.go:125"}
2026-07-14T09:12:36.167Z	[35mDEBUG[0m	---- Executing updates for version 1.3 ----	{"logging-call-at": "/home/runner/work/temporal/temporal/tools/common/schema/updatetask.go:133"}
2026-07-14T09:12:36.167Z	[35mDEBUG[0m	ALTER TABLE executions_visibility ADD COLUMN history_size_bytes BIGINT NULL;	{"logging-call-at": "/home/runner/work/temporal/temporal/tools/common/schema/updatetask.go:135"}
2026-07-14T09:12:36.188Z	[35mDEBUG[0m	CREATE INDEX by_history_size_bytes ON executions_visibility (namespace_id, history_size_bytes, (COALESCE(close_time, CAST('9999-12-31 23:59:59' AS DATETIME))) DESC, start_time DESC, run_id);	{"logging-call-at": "/home/runner/work/temporal/temporal/tools/common/schema/updatetask.go:135"}
2026-07-14T09:12:36.223Z	[35mDEBUG[0m	ALTER TABLE executions_visibility ADD COLUMN BuildIds JSON GENERATED ALWAYS AS (search_attributes->'$.BuildIds');	{"logging-call-at": "/home/runner/work/temporal/temporal/tools/common/schema/updatetask.go:135"}
2026-07-14T09:12:36.259Z	[35mDEBUG[0m	CREATE INDEX by_build_ids ON executions_visibility (namespace_id, (CAST(BuildIds AS CHAR(255) ARRAY)), (COALESCE(close_time, CAST('9999-12-31 23:59:59' AS DATETIME))) DESC, start_time DESC, run_id);	{"logging-call-at": "/home/runner/work/temporal/temporal/tools/common/schema/updatetask.go:135"}
2026-07-14T09:12:36.291Z	[35mDEBUG[0m	---- Done ----	{"logging-call-at": "/home/runner/work/temporal/temporal/tools/common/schema/updatetask.go:152"}
2026-07-14T09:12:36.293Z	[35mDEBUG[0m	Schema updated from 1.2 to 1.3	{"logging-call-at": "/home/runner/work/temporal/temporal/tools/common/schema/updatetask.go:125"}
2026-07-14T09:12:36.293Z	[35mDEBUG[0m	---- Executing updates for version 1.4 ----	{"logging-call-at": "/home/runner/work/temporal/temporal/tools/common/schema/updatetask.go:133"}
2026-07-14T09:12:36.293Z	[35mDEBUG[0m	ALTER TABLE executions_visibility ADD COLUMN execution_duration BIGINT NULL;	{"logging-call-at": "/home/runner/work/temporal/temporal/tools/common/schema/updatetask.go:135"}
2026-07-14T09:12:36.319Z	[35mDEBUG[0m	CREATE INDEX by_execution_duration ON executions_visibility (namespace_id, execution_duration, (COALESCE(close_time, CAST('9999-12-31 23:59:59' AS DATETIME))) DESC, start_time DESC, run_id);	{"logging-call-at": "/home/runner/work/temporal/temporal/tools/common/schema/updatetask.go:135"}
2026-07-14T09:12:36.353Z	[35mDEBUG[0m	ALTER TABLE executions_visibility ADD COLUMN state_transition_count BIGINT NULL;	{"logging-call-at": "/home/runner/work/temporal/temporal/tools/common/schema/updatetask.go:135"}
2026-07-14T09:12:36.381Z	[35mDEBUG[0m	CREATE INDEX by_state_transition_count ON executions_visibility (namespace_id, state_transition_count, (COALESCE(close_time, CAST('9999-12-31 23:59:59' AS DATETIME))) DESC, start_time DESC, run_id);	{"logging-call-at": "/home/runner/work/temporal/temporal/tools/common/schema/updatetask.go:135"}
2026-07-14T09:12:36.421Z	[35mDEBUG[0m	ALTER TABLE executions_visibility ADD COLUMN parent_workflow_id VARCHAR(255) NULL;	{"logging-call-at": "/home/runner/work/temporal/temporal/tools/common/schema/updatetask.go:135"}
2026-07-14T09:12:36.455Z	[35mDEBUG[0m	ALTER TABLE executions_visibility ADD COLUMN parent_run_id VARCHAR(255) NULL;	{"logging-call-at": "/home/runner/work/temporal/temporal/tools/common/schema/updatetask.go:135"}
2026-07-14T09:12:36.488Z	[35mDEBUG[0m	CREATE INDEX by_parent_workflow_id ON executions_visibility (namespace_id, parent_workflow_id, (COALESCE(close_time, CAST('9999-12-31 23:59:59' AS DATETIME))) DESC, start_time DESC, run_id);	{"logging-call-at": "/home/runner/work/temporal/temporal/tools/common/schema/updatetask.go:135"}
2026-07-14T09:12:36.527Z	[35mDEBUG[0m	CREATE INDEX by_parent_run_id ON executions_visibility (namespace_id, parent_run_id, (COALESCE(close_time, CAST('9999-12-31 23:59:59' AS DATETIME))) DESC, start_time DESC, run_id);	{"logging-call-at": "/home/runner/work/temporal/temporal/tools/common/schema/updatetask.go:135"}
2026-07-14T09:12:36.568Z	[35mDEBUG[0m	---- Done ----	{"logging-call-at": "/home/runner/work/temporal/temporal/tools/common/schema/updatetask.go:152"}
2026-07-14T09:12:36.570Z	[35mDEBUG[0m	Schema updated from 1.3 to 1.4	{"logging-call-at": "/home/runner/work/temporal/temporal/tools/common/schema/updatetask.go:125"}
2026-07-14T09:12:36.570Z	[35mDEBUG[0m	---- Executing updates for version 1.5 ----	{"logging-call-at": "/home/runner/work/temporal/temporal/tools/common/schema/updatetask.go:133"}
2026-07-14T09:12:36.570Z	[35mDEBUG[0m	ALTER TABLE executions_visibility ADD COLUMN root_workflow_id VARCHAR(255) NULL;	{"logging-call-at": "/home/runner/work/temporal/temporal/tools/common/schema/updatetask.go:135"}
2026-07-14T09:12:36.601Z	[35mDEBUG[0m	ALTER TABLE executions_visibility ADD COLUMN root_run_id VARCHAR(255) NULL;	{"logging-call-at": "/home/runner/work/temporal/temporal/tools/common/schema/updatetask.go:135"}
2026-07-14T09:12:36.632Z	[35mDEBUG[0m	CREATE INDEX by_root_workflow_id ON executions_visibility (namespace_id, root_workflow_id, (COALESCE(close_time, CAST('9999-12-31 23:59:59' AS DATETIME))) DESC, start_time DESC, run_id);	{"logging-call-at": "/home/runner/work/temporal/temporal/tools/common/schema/updatetask.go:135"}
2026-07-14T09:12:36.673Z	[35mDEBUG[0m	CREATE INDEX by_root_run_id ON executions_visibility (namespace_id, root_run_id, (COALESCE(close_time, CAST('9999-12-31 23:59:59' AS DATETIME))) DESC, start_time DESC, run_id);	{"logging-call-at": "/home/runner/work/temporal/temporal/tools/common/schema/updatetask.go:135"}
2026-07-14T09:12:36.720Z	[35mDEBUG[0m	---- Done ----	{"logging-call-at": "/home/runner/work/temporal/temporal/tools/common/schema/updatetask.go:152"}
2026-07-14T09:12:36.723Z	[35mDEBUG[0m	Schema updated from 1.4 to 1.5	{"logging-call-at": "/home/runner/work/temporal/temporal/tools/common/schema/updatetask.go:125"}
2026-07-14T09:12:36.723Z	[35mDEBUG[0m	---- Executing updates for version 1.6 ----	{"logging-call-at": "/home/runner/work/temporal/temporal/tools/common/schema/updatetask.go:133"}
2026-07-14T09:12:36.723Z	[35mDEBUG[0m	DROP INDEX by_root_workflow_id ON executions_visibility;	{"logging-call-at": "/home/runner/work/temporal/temporal/tools/common/schema/updatetask.go:135"}
2026-07-14T09:12:36.734Z	[35mDEBUG[0m	DROP INDEX by_root_run_id ON executions_visibility;	{"logging-call-at": "/home/runner/work/temporal/temporal/tools/common/schema/updatetask.go:135"}
2026-07-14T09:12:36.745Z	[35mDEBUG[0m	ALTER TABLE executions_visibility DROP COLUMN root_workflow_id;	{"logging-call-at": "/home/runner/work/temporal/temporal/tools/common/schema/updatetask.go:135"}
2026-07-14T09:12:36.778Z	[35mDEBUG[0m	ALTER TABLE executions_visibility DROP COLUMN root_run_id;	{"logging-call-at": "/home/runner/work/temporal/temporal/tools/common/schema/updatetask.go:135"}
2026-07-14T09:12:36.818Z	[35mDEBUG[0m	ALTER TABLE executions_visibility ADD COLUMN root_workflow_id VARCHAR(255) NOT NULL DEFAULT '';	{"logging-call-at": "/home/runner/work/temporal/temporal/tools/common/schema/updatetask.go:135"}
2026-07-14T09:12:36.857Z	[35mDEBUG[0m	ALTER TABLE executions_visibility ADD COLUMN root_run_id VARCHAR(255) NOT NULL DEFAULT '';	{"logging-call-at": "/home/runner/work/temporal/temporal/tools/common/schema/updatetask.go:135"}
2026-07-14T09:12:36.894Z	[35mDEBUG[0m	CREATE INDEX by_root_workflow_id ON executions_visibility (namespace_id, root_workflow_id, (COALESCE(close_time, CAST('9999-12-31 23:59:59' AS DATETIME))) DESC, start_time DESC, run_id);	{"logging-call-at": "/home/runner/work/temporal/temporal/tools/common/schema/updatetask.go:135"}
2026-07-14T09:12:36.940Z	[35mDEBUG[0m	CREATE INDEX by_root_run_id ON executions_visibility (namespace_id, root_run_id, (COALESCE(close_time, CAST('9999-12-31 23:59:59' AS DATETIME))) DESC, start_time DESC, run_id);	{"logging-call-at": "/home/runner/work/temporal/temporal/tools/common/schema/updatetask.go:135"}
2026-07-14T09:12:36.984Z	[35mDEBUG[0m	---- Done ----	{"logging-call-at": "/home/runner/work/temporal/temporal/tools/common/schema/updatetask.go:152"}
2026-07-14T09:12:36.985Z	[35mDEBUG[0m	Schema updated from 1.5 to 1.6	{"logging-call-at": "/home/runner/work/temporal/temporal/tools/common/schema/updatetask.go:125"}
2026-07-14T09:12:36.985Z	[35mDEBUG[0m	---- Executing updates for version 1.7 ----	{"logging-call-at": "/home/runner/work/temporal/temporal/tools/common/schema/updatetask.go:133"}
2026-07-14T09:12:36.985Z	[35mDEBUG[0m	ALTER TABLE executions_visibility ADD COLUMN TemporalPauseInfo JSON GENERATED ALWAYS AS (search_attributes->'$.TemporalPauseInfo');	{"logging-call-at": "/home/runner/work/temporal/temporal/tools/common/schema/updatetask.go:135"}
2026-07-14T09:12:37.054Z	[35mDEBUG[0m	CREATE INDEX by_temporal_pause_info ON executions_visibility (namespace_id, (CAST(TemporalPauseInfo AS CHAR(255) ARRAY)), (COALESCE(close_time, CAST('9999-12-31 23:59:59' AS DATETIME))) DESC, start_time DESC, run_id);	{"logging-call-at": "/home/runner/work/temporal/temporal/tools/common/schema/updatetask.go:135"}
2026-07-14T09:12:37.104Z	[35mDEBUG[0m	---- Done ----	{"logging-call-at": "/home/runner/work/temporal/temporal/tools/common/schema/updatetask.go:152"}
2026-07-14T09:12:37.106Z	[35mDEBUG[0m	Schema updated from 1.6 to 1.7	{"logging-call-at": "/home/runner/work/temporal/temporal/tools/common/schema/updatetask.go:125"}
2026-07-14T09:12:37.106Z	[35mDEBUG[0m	---- Executing updates for version 1.8 ----	{"logging-call-at": "/home/runner/work/temporal/temporal/tools/common/schema/updatetask.go:133"}
2026-07-14T09:12:37.106Z	[35mDEBUG[0m	ALTER TABLE executions_visibility ADD COLUMN TemporalWorkerDeploymentVersion VARCHAR(255) GENERATED ALWAYS AS (search_attributes->>"$.TemporalWorkerDeploymentVersion");	{"logging-call-at": "/home/runner/work/temporal/temporal/tools/common/schema/updatetask.go:135"}
2026-07-14T09:12:37.147Z	[35mDEBUG[0m	ALTER TABLE executions_visibility ADD COLUMN TemporalWorkflowVersioningBehavior VARCHAR(255) GENERATED ALWAYS AS (search_attributes->>"$.TemporalWorkflowVersioningBehavior");	{"logging-call-at": "/home/runner/work/temporal/temporal/tools/common/schema/updatetask.go:135"}
2026-07-14T09:12:37.195Z	[35mDEBUG[0m	ALTER TABLE executions_visibility ADD COLUMN TemporalWorkerDeployment VARCHAR(255) GENERATED ALWAYS AS (search_attributes->>"$.TemporalWorkerDeployment");	{"logging-call-at": "/home/runner/work/temporal/temporal/tools/common/schema/updatetask.go:135"}
2026-07-14T09:12:37.236Z	[35mDEBUG[0m	CREATE INDEX by_temporal_worker_deployment_version ON executions_visibility (namespace_id, TemporalWorkerDeploymentVersion, (COALESCE(close_time, CAST('9999-12-31 23:59:59' AS DATETIME))) DESC, start_time DESC, run_id);	{"logging-call-at": "/home/runner/work/temporal/temporal/tools/common/schema/updatetask.go:135"}
2026-07-14T09:12:37.277Z	[35mDEBUG[0m	CREATE INDEX by_temporal_workflow_versioning_behavior ON executions_visibility (namespace_id, TemporalWorkflowVersioningBehavior, (COALESCE(close_time, CAST('9999-12-31 23:59:59' AS DATETIME))) DESC, start_time DESC, run_id);	{"logging-call-at": "/home/runner/work/temporal/temporal/tools/common/schema/updatetask.go:135"}
2026-07-14T09:12:37.325Z	[35mDEBUG[0m	CREATE INDEX by_temporal_worker_deployment ON executions_visibility (namespace_id, TemporalWorkerDeployment, (COALESCE(close_time, CAST('9999-12-31 23:59:59' AS DATETIME))) DESC, start_time DESC, run_id);	{"logging-call-at": "/home/runner/work/temporal/temporal/tools/common/schema/updatetask.go:135"}
2026-07-14T09:12:37.369Z	[35mDEBUG[0m	---- Done ----	{"logging-call-at": "/home/runner/work/temporal/temporal/tools/common/schema/updatetask.go:152"}
2026-07-14T09:12:37.371Z	[35mDEBUG[0m	Schema updated from 1.7 to 1.8	{"logging-call-at": "/home/runner/work/temporal/temporal/tools/common/schema/updatetask.go:125"}
2026-07-14T09:12:37.371Z	[35mDEBUG[0m	---- Executing updates for version 1.9 ----	{"logging-call-at": "/home/runner/work/temporal/temporal/tools/common/schema/updatetask.go:133"}
2026-07-14T09:12:37.371Z	[35mDEBUG[0m	ALTER TABLE executions_visibility ADD COLUMN _version BIGINT NOT NULL DEFAULT 0;	{"logging-call-at": "/home/runner/work/temporal/temporal/tools/common/schema/updatetask.go:135"}
2026-07-14T09:12:37.405Z	[35mDEBUG[0m	ALTER TABLE custom_search_attributes ADD COLUMN _version BIGINT NOT NULL DEFAULT 0;	{"logging-call-at": "/home/runner/work/temporal/temporal/tools/common/schema/updatetask.go:135"}
2026-07-14T09:12:37.530Z	[35mDEBUG[0m	---- Done ----	{"logging-call-at": "/home/runner/work/temporal/temporal/tools/common/schema/updatetask.go:152"}
2026-07-14T09:12:37.532Z	[35mDEBUG[0m	Schema updated from 1.8 to 1.9	{"logging-call-at": "/home/runner/work/temporal/temporal/tools/common/schema/updatetask.go:125"}
2026-07-14T09:12:37.532Z	[35mDEBUG[0m	---- Executing updates for version 1.10 ----	{"logging-call-at": "/home/runner/work/temporal/temporal/tools/common/schema/updatetask.go:133"}
2026-07-14T09:12:37.532Z	[35mDEBUG[0m	ALTER TABLE executions_visibility ADD COLUMN TemporalReportedProblems JSON GENERATED ALWAYS AS (search_attributes->'$.TemporalReportedProblems');	{"logging-call-at": "/home/runner/work/temporal/temporal/tools/common/schema/updatetask.go:135"}
2026-07-14T09:12:37.578Z	[35mDEBUG[0m	CREATE INDEX by_temporal_reported_problems ON executions_visibility (namespace_id, (CAST(TemporalReportedProblems AS CHAR(255) ARRAY)), (COALESCE(close_time, CAST('9999-12-31 23:59:59' AS DATETIME))) DESC, start_time DESC, run_id);	{"logging-call-at": "/home/runner/work/temporal/temporal/tools/common/schema/updatetask.go:135"}
2026-07-14T09:12:37.624Z	[35mDEBUG[0m	---- Done ----	{"logging-call-at": "/home/runner/work/temporal/temporal/tools/common/schema/updatetask.go:152"}
2026-07-14T09:12:37.626Z	[35mDEBUG[0m	Schema updated from 1.9 to 1.10	{"logging-call-at": "/home/runner/work/temporal/temporal/tools/common/schema/updatetask.go:125"}
2026-07-14T09:12:37.626Z	[35mDEBUG[0m	---- Executing updates for version 1.11 ----	{"logging-call-at": "/home/runner/work/temporal/temporal/tools/common/schema/updatetask.go:133"}
2026-07-14T09:12:37.626Z	[35mDEBUG[0m	CREATE TABLE chasm_search_attributes ( namespace_id CHAR(64) NOT NULL, run_id CHAR(64) NOT NULL, _version BIGINT NOT NULL DEFAULT 0, search_attributes JSON NULL, TemporalBool01 BOOLEAN GENERATED ALWAYS AS (search_attributes->"$.TemporalBool01"), TemporalBool02 BOOLEAN GENERATED ALWAYS AS (search_attributes->"$.TemporalBool02"), TemporalDatetime01 DATETIME(6) GENERATED ALWAYS AS ( CONVERT_TZ( REGEXP_REPLACE(search_attributes->>"$.TemporalDatetime01", 'Z|[+-][0-9]{2}:[0-9]{2}$', ''), SUBSTR(REPLACE(search_attributes->>"$.TemporalDatetime01", 'Z', '+00:00'), -6, 6), '+00:00' ) ), TemporalDatetime02 DATETIME(6) GENERATED ALWAYS AS ( CONVERT_TZ( REGEXP_REPLACE(search_attributes->>"$.TemporalDatetime02", 'Z|[+-][0-9]{2}:[0-9]{2}$', ''), SUBSTR(REPLACE(search_attributes->>"$.TemporalDatetime02", 'Z', '+00:00'), -6, 6), '+00:00' ) ), TemporalDouble01 DECIMAL(20, 5) GENERATED ALWAYS AS (search_attributes->"$.TemporalDouble01"), TemporalDouble02 DECIMAL(20, 5) GENERATED ALWAYS AS (search_attributes->"$.TemporalDouble02"), TemporalInt01 BIGINT GENERATED ALWAYS AS (search_attributes->"$.TemporalInt01"), TemporalInt02 BIGINT GENERATED ALWAYS AS (search_attributes->"$.TemporalInt02"), TemporalKeyword01 VARCHAR(255) GENERATED ALWAYS AS (search_attributes->>"$.TemporalKeyword01"), TemporalKeyword02 VARCHAR(255) GENERATED ALWAYS AS (search_attributes->>"$.TemporalKeyword02"), TemporalKeyword03 VARCHAR(255) GENERATED ALWAYS AS (search_attributes->>"$.TemporalKeyword03"), TemporalKeyword04 VARCHAR(255) GENERATED ALWAYS AS (search_attributes->>"$.TemporalKeyword04"), TemporalKeywordList01 JSON GENERATED ALWAYS AS (search_attributes->"$.TemporalKeywordList01"), TemporalKeywordList02 JSON GENERATED ALWAYS AS (search_attributes->"$.TemporalKeywordList02"), PRIMARY KEY (namespace_id, run_id) );	{"logging-call-at": "/home/runner/work/temporal/temporal/tools/common/schema/updatetask.go:135"}
2026-07-14T09:12:37.631Z	[35mDEBUG[0m	CREATE INDEX by_temporal_bool_01 ON chasm_search_attributes (namespace_id, TemporalBool01);	{"logging-call-at": "/home/runner/work/temporal/temporal/tools/common/schema/updatetask.go:135"}
2026-07-14T09:12:37.639Z	[35mDEBUG[0m	CREATE INDEX by_temporal_bool_02 ON chasm_search_attributes (namespace_id, TemporalBool02);	{"logging-call-at": "/home/runner/work/temporal/temporal/tools/common/schema/updatetask.go:135"}
2026-07-14T09:12:37.642Z	[35mDEBUG[0m	CREATE INDEX by_temporal_datetime_01 ON chasm_search_attributes (namespace_id, TemporalDatetime01);	{"logging-call-at": "/home/runner/work/temporal/temporal/tools/common/schema/updatetask.go:135"}
2026-07-14T09:12:37.647Z	[35mDEBUG[0m	CREATE INDEX by_temporal_datetime_02 ON chasm_search_attributes (namespace_id, TemporalDatetime02);	{"logging-call-at": "/home/runner/work/temporal/temporal/tools/common/schema/updatetask.go:135"}
2026-07-14T09:12:37.652Z	[35mDEBUG[0m	CREATE INDEX by_temporal_double_01 ON chasm_search_attributes (namespace_id, TemporalDouble01);	{"logging-call-at": "/home/runner/work/temporal/temporal/tools/common/schema/updatetask.go:135"}
2026-07-14T09:12:37.655Z	[35mDEBUG[0m	CREATE INDEX by_temporal_double_02 ON chasm_search_attributes (namespace_id, TemporalDouble02);	{"logging-call-at": "/home/runner/work/temporal/temporal/tools/common/schema/updatetask.go:135"}
2026-07-14T09:12:37.663Z	[35mDEBUG[0m	CREATE INDEX by_temporal_int_01 ON chasm_search_attributes (namespace_id, TemporalInt01);	{"logging-call-at": "/home/runner/work/temporal/temporal/tools/common/schema/updatetask.go:135"}
2026-07-14T09:12:37.667Z	[35mDEBUG[0m	CREATE INDEX by_temporal_int_02 ON chasm_search_attributes (namespace_id, TemporalInt02);	{"logging-call-at": "/home/runner/work/temporal/temporal/tools/common/schema/updatetask.go:135"}
2026-07-14T09:12:37.673Z	[35mDEBUG[0m	CREATE INDEX by_temporal_keyword_01 ON chasm_search_attributes (namespace_id, TemporalKeyword01);	{"logging-call-at": "/home/runner/work/temporal/temporal/tools/common/schema/updatetask.go:135"}
2026-07-14T09:12:37.678Z	[35mDEBUG[0m	CREATE INDEX by_temporal_keyword_02 ON chasm_search_attributes (namespace_id, TemporalKeyword02);	{"logging-call-at": "/home/runner/work/temporal/temporal/tools/common/schema/updatetask.go:135"}
2026-07-14T09:12:37.683Z	[35mDEBUG[0m	CREATE INDEX by_temporal_keyword_03 ON chasm_search_attributes (namespace_id, TemporalKeyword03);	{"logging-call-at": "/home/runner/work/temporal/temporal/tools/common/schema/updatetask.go:135"}
2026-07-14T09:12:37.688Z	[35mDEBUG[0m	CREATE INDEX by_temporal_keyword_04 ON chasm_search_attributes (namespace_id, TemporalKeyword04);	{"logging-call-at": "/home/runner/work/temporal/temporal/tools/common/schema/updatetask.go:135"}
2026-07-14T09:12:37.695Z	[35mDEBUG[0m	CREATE INDEX by_temporal_keyword_list_01 ON chasm_search_attributes (namespace_id, (CAST(TemporalKeywordList01 AS CHAR(255) ARRAY)));	{"logging-call-at": "/home/runner/work/temporal/temporal/tools/common/schema/updatetask.go:135"}
2026-07-14T09:12:37.701Z	[35mDEBUG[0m	CREATE INDEX by_temporal_keyword_list_02 ON chasm_search_attributes (namespace_id, (CAST(TemporalKeywordList02 AS CHAR(255) ARRAY)));	{"logging-call-at": "/home/runner/work/temporal/temporal/tools/common/schema/updatetask.go:135"}
2026-07-14T09:12:37.709Z	[35mDEBUG[0m	---- Done ----	{"logging-call-at": "/home/runner/work/temporal/temporal/tools/common/schema/updatetask.go:152"}
2026-07-14T09:12:37.711Z	[35mDEBUG[0m	Schema updated from 1.10 to 1.11	{"logging-call-at": "/home/runner/work/temporal/temporal/tools/common/schema/updatetask.go:125"}
2026-07-14T09:12:37.711Z	[35mDEBUG[0m	---- Executing updates for version 1.12 ----	{"logging-call-at": "/home/runner/work/temporal/temporal/tools/common/schema/updatetask.go:133"}
2026-07-14T09:12:37.711Z	[35mDEBUG[0m	ALTER TABLE chasm_search_attributes ADD COLUMN TemporalLowCardinalityKeyword01 VARCHAR(255) GENERATED ALWAYS AS (search_attributes->>"$.TemporalLowCardinalityKeyword01");	{"logging-call-at": "/home/runner/work/temporal/temporal/tools/common/schema/updatetask.go:135"}
2026-07-14T09:12:37.740Z	[35mDEBUG[0m	CREATE INDEX by_temporal_low_cardinality_keyword_01 ON chasm_search_attributes (namespace_id, TemporalLowCardinalityKeyword01);	{"logging-call-at": "/home/runner/work/temporal/temporal/tools/common/schema/updatetask.go:135"}
2026-07-14T09:12:37.745Z	[35mDEBUG[0m	---- Done ----	{"logging-call-at": "/home/runner/work/temporal/temporal/tools/common/schema/updatetask.go:152"}
2026-07-14T09:12:37.747Z	[35mDEBUG[0m	Schema updated from 1.11 to 1.12	{"logging-call-at": "/home/runner/work/temporal/temporal/tools/common/schema/updatetask.go:125"}
2026-07-14T09:12:37.747Z	[35mDEBUG[0m	---- Executing updates for version 1.13 ----	{"logging-call-at": "/home/runner/work/temporal/temporal/tools/common/schema/updatetask.go:133"}
2026-07-14T09:12:37.747Z	[35mDEBUG[0m	ALTER TABLE executions_visibility ADD COLUMN TemporalUsedWorkerDeploymentVersions JSON GENERATED ALWAYS AS (search_attributes->'$.TemporalUsedWorkerDeploymentVersions');	{"logging-call-at": "/home/runner/work/temporal/temporal/tools/common/schema/updatetask.go:135"}
2026-07-14T09:12:37.792Z	[35mDEBUG[0m	CREATE INDEX by_used_deployment_versions ON executions_visibility ( namespace_id, (CAST(TemporalUsedWorkerDeploymentVersions AS CHAR(255) ARRAY)), (COALESCE(close_time, CAST('9999-12-31 23:59:59' AS DATETIME))) DESC, start_time DESC, run_id );	{"logging-call-at": "/home/runner/work/temporal/temporal/tools/common/schema/updatetask.go:135"}
2026-07-14T09:12:37.839Z	[35mDEBUG[0m	---- Done ----	{"logging-call-at": "/home/runner/work/temporal/temporal/tools/common/schema/updatetask.go:152"}
2026-07-14T09:12:37.840Z	[35mDEBUG[0m	Schema updated from 1.12 to 1.13	{"logging-call-at": "/home/runner/work/temporal/temporal/tools/common/schema/updatetask.go:125"}
2026-07-14T09:12:37.840Z	[35mDEBUG[0m	---- Executing updates for version 1.14 ----	{"logging-call-at": "/home/runner/work/temporal/temporal/tools/common/schema/updatetask.go:133"}
2026-07-14T09:12:37.840Z	[35mDEBUG[0m	ALTER TABLE executions_visibility ADD COLUMN TemporalExternalPayloadSizeBytes BIGINT GENERATED ALWAYS AS (search_attributes->"$.TemporalExternalPayloadSizeBytes");	{"logging-call-at": "/home/runner/work/temporal/temporal/tools/common/schema/updatetask.go:135"}
2026-07-14T09:12:37.889Z	[35mDEBUG[0m	ALTER TABLE executions_visibility ADD COLUMN TemporalExternalPayloadCount BIGINT GENERATED ALWAYS AS (search_attributes->"$.TemporalExternalPayloadCount");	{"logging-call-at": "/home/runner/work/temporal/temporal/tools/common/schema/updatetask.go:135"}
2026-07-14T09:12:37.935Z	[35mDEBUG[0m	CREATE INDEX by_temporal_external_payload_size_bytes ON executions_visibility ( namespace_id, TemporalExternalPayloadSizeBytes, (COALESCE(close_time, CAST('9999-12-31 23:59:59' AS DATETIME))) DESC, start_time DESC, run_id );	{"logging-call-at": "/home/runner/work/temporal/temporal/tools/common/schema/updatetask.go:135"}
2026-07-14T09:12:37.993Z	[35mDEBUG[0m	CREATE INDEX by_temporal_external_payload_count ON executions_visibility ( namespace_id, TemporalExternalPayloadCount, (COALESCE(close_time, CAST('9999-12-31 23:59:59' AS DATETIME))) DESC, start_time DESC, run_id );	{"logging-call-at": "/home/runner/work/temporal/temporal/tools/common/schema/updatetask.go:135"}
2026-07-14T09:12:38.071Z	[35mDEBUG[0m	---- Done ----	{"logging-call-at": "/home/runner/work/temporal/temporal/tools/common/schema/updatetask.go:152"}
2026-07-14T09:12:38.072Z	[35mDEBUG[0m	Schema updated from 1.13 to 1.14	{"logging-call-at": "/home/runner/work/temporal/temporal/tools/common/schema/updatetask.go:125"}
2026-07-14T09:12:38.072Z	[34mINFO[0m	UpdateSchemaTask done	{"logging-call-at": "/home/runner/work/temporal/temporal/tools/common/schema/updatetask.go:103"}
